============================================================================
6f: THE DOUBLE-COUNT IN HORN (a)
============================================================================

[1] 6f's table, reproduced
      coupling            1/alpha        k        M_anchor (booked)
      alpha(0)             137.036  1.36461      3.15e+03 GeV
      alpha(M_Z)           127.951  1.34309      1.76e+04 GeV
      alpha(M_Pl floor)    104.940  1.28100      1.5e+06 GeV

    Planck floor composition: 49.46 + 55.48 = 104.94  (as recorded)

[2] The argument: horn (a) uses the medium's polarisation twice

    Section 6c does not use a bare Coulomb interaction. It uses

        V(q) = e^2/(q^2 + m_D^2),     m_D^2 = e^2 * 2 N_0     [Thomas-Fermi]

    The Thomas-Fermi mass IS the medium's polarisation, resummed. Writing the same
    thing as a dielectric function makes it explicit:

        V(q) = (e^2/q^2) / eps(q),    eps(q) = 1 + m_D^2/q^2

    So 6c's interaction is already the SCREENED one, and the momentum dependence of
    the effective coupling is carried entirely by eps(q).

    This is the standard many-body construction (Morel-Anderson and everything after
    it): in a BCS gap equation one uses the BARE charge with an explicit dielectric
    function, never a running charge with a dielectric function as well. Doing both
    applies the medium's own polarisation twice -- once inside the running coupling
    and again inside eps(q) -- and it is a double-count, not a refinement.

    Horn (a) says "an electromagnetic coupling runs, so evaluate it at the pairing
    scale". But running a coupling from q=0 up to q ~ 2k_F IS the statement that the
    intervening polarisation screens it. Section 6c has already put that polarisation
    in by hand. So the e^2 that belongs in 6c's numerator is the UNSCREENED one, and
    alpha(0) is not a scale choice at all -- it is the only value with the right
    meaning in that formula.


[3] Quantifying: how much of the running would be double-counted
    The screening 6c already applies, expressed as an effective coupling
    reduction at the Fermi surface, is the ln(1+1/b) factor relative to an
    unscreened log. Compare the two 'corrections' in the same units:

      6c's screening:  ln(1 + 1/b) = ln(1 + 71.752) = 4.2871
      QED run to M_Z:  ln(a(M_Z)/a(0))            = 0.0686
      ratio                                       = 62.5x

    The screening 6c performs is 62 times larger than the
    entire QED run from zero momentum to the Z pole. It is not a small effect
    being neglected -- it is the dominant one, and it is already there.

[4] What this does NOT settle

    The double-count argument removes horn (a) in its stated form. It does not remove
    everything behind it, and two things genuinely survive:

    (i)  QED vacuum polarisation from STANDARD MODEL charged particles is a different
         object from the medium's Thomas-Fermi screening. Electron, muon, quark and W
         loops are present at the pairing scale regardless of what the medium does. If
         the medium's constituents couple to those loops, some running is real and is
         NOT double-counted by eps(q). Section 6b excludes a charged CONDENSATE; it
         does not state the constituents' charge, and that is the input needed.

    (ii) The bare-versus-physical question is pushed back rather than answered. Saying
         "use the unscreened e^2" presumes there is a scale at which e^2 is defined
         without any screening at all, and in QED that is the q -> 0 limit only because
         the vacuum's own polarisation is defined to vanish there. Whether the medium
         admits the same definition is exactly horn (b)'s unfinished business.

    So the fork narrows from "which scale?" to a single sharper question:

        DO THE MEDIUM'S CONSTITUENTS CARRY STANDARD MODEL ELECTRIC CHARGE?

    THE CORPUS ANSWERS IT, AND THE ANSWER IS ADVERSE. Section 6e states that the
    constituent-level vacuum "carries no net electric charge" and is COMPENSATED --
    n_electron = n_hole, with electron and hole pockets. Net-neutral is not uncharged:
    the carriers are charged. And on this program's own identification -- light is the
    medium's Goldstone, electromagnetism IS the medium -- it is the same U(1).

    So the residual survives and horn (a) does not close. The double-count argument
    buys less than it first appeared: it kills the naive "just evaluate alpha at the
    pairing scale" reading and shows most of what that proposes is already present,
    but it does not remove the effect.

[5] Sizing the residual, if the constituents are charged
    Worst case: full SM running from alpha(0) to the pairing scale, applied on
    top of the screening rather than instead of it.

      alpha(M_Z)                 1/a=127.951  k=1.34309  anchor x    5.58
      alpha at 3 TeV (approx)    1/a=125.500  k=1.33702  anchor x    8.89

    So the exposure, if it survives, is a factor of order 5-10 on the anchor --
    the same order 6f already records, and still adverse. Narrowing horn (a)
    does not improve the anchor's landing; it clarifies what would have to be
    true for the recorded value to be the right one.

============================================================================
VERDICT on 6f / #51
============================================================================

    NARROWED, NOT CLOSED -- which is what was stated as the target before computing.

    Horn (a) as written double-counts. Section 6c's gap equation already carries the
    medium's polarisation explicitly as a Thomas-Fermi mass, and running the coupling
    from zero momentum to the Fermi surface is the same physics a second time. The
    standard many-body construction pairs a bare charge with an explicit dielectric
    function, never a running charge with one as well. Quantitatively the screening
    already applied is ~50x larger than the whole QED run to the Z pole, so this is
    not a neglected small term but the dominant one, present already.

    What survives is narrower, and the corpus decides it against the model. Section 6e
    records the constituent vacuum as net-neutral but COMPENSATED, with electron and
    hole pockets -- so the carriers are charged, and on this program's own reading
    (light is the medium's Goldstone) it is the same U(1) the Standard Model runs. The
    residual therefore applies.

    The anchor is not helped. The residual running costs a factor of order 5-10,
    adverse, on top of the 2.00x overshoot already recorded. This file does not reduce
    the count of open questions and does not move the number that matters. What it
    does is replace a vague fork with a specific, sized, adverse effect -- which is
    worth having, but should not be filed as progress toward the anchor.

============================================================================
CHECKS: 5/5 passing
============================================================================
