predicted step [mag] = offset_full * (f_void_low - f_void_high)
observed band: [0.05, 0.08] mag

 offset | fL=0.10 fL=0.15 fL=0.20 fL=0.25 fL=0.30 fL=0.35 fL=0.40 fL=0.45 fL=0.50
  0.050 |  0.0010  0.0035  0.0060  0.0085  0.0110  0.0135  0.0160  0.0185  0.0210
  0.060 |  0.0012  0.0042  0.0072  0.0102  0.0132  0.0162  0.0192  0.0222  0.0252
  0.070 |  0.0014  0.0049  0.0084  0.0119  0.0154  0.0189  0.0224  0.0259  0.0294
  0.080 |  0.0016  0.0056  0.0096  0.0136  0.0176  0.0216  0.0256  0.0296  0.0336
  0.090 |  0.0018  0.0063  0.0108  0.0153  0.0198  0.0243  0.0288  0.0333  0.0378
  0.100 |  0.0020  0.0070  0.0120  0.0170  0.0220  0.0270  0.0320  0.0370  0.0420
  0.110 |  0.0022  0.0077  0.0132  0.0187  0.0242  0.0297  0.0352  0.0407  0.0462
  0.120 |  0.0024  0.0084  0.0144  0.0204  0.0264  0.0324  0.0384  0.0444  0.0504

fraction of the scanned band reaching the observed floor (0.05): 0.01
corners touching the observed band (offset, f_void_low, in-band frac):
  offset=0.110  f_void_low=0.50  in-band=0.25
  offset=0.120  f_void_low=0.45  in-band=0.25
  offset=0.120  f_void_low=0.50  in-band=0.50
  -> the candidacy needs offset >= 0.110 mag AND f_void_low >= 0.45

DISCRIMINATORS THE TRANSFORMATION SHARPENS (named, falsifiable):
 1. At FIXED host mass, standardization residuals must correlate with web
    environment (void-centric distance / local large-scale density).
 2. Controlling for environment must SHRINK the mass step (the mass step is
    the shadow, environment the caster).
 3. Cluster SNe (all screened) must show NO internal mass step.

