======================================================================
(1) THE TARGET RATIO
======================================================================
  k_* xi = (2 pi^2 A_s)^(1/3) = 3.461e-03   (corpus: 3.45e-3)
  cells across the pivot scale: 1/(k_* xi) = 289   (corpus: 782)
  cells per horizon volume (l_H/xi)^3 ~ 2.41e+07
  so A_s ~ shot noise of ~2.4e+07 coherence cells per horizon.

======================================================================
(2) THE TILT DISCRIMINANT  (why the freeze-out branch is dead)
======================================================================
  frozen comoving cell  xi = const (p=0): n_s = 4   -> excluded, measured 0.9649
  self-similar scaling  xi ~ 1/k  (p=1): n_s = 1   -> scale-invariant baseline
  the data selects scaling: only xi/l_H = const gives a tilt near 1.

======================================================================
(3) THE SCALING ATTRACTOR  (self-similarity is dynamically enforced)
======================================================================
  radiation era (beta=1/2), c_chop=0.23, k_mom=0.7:
    analytic fixed point:  gamma* = 0.807,  v* = 0.868  (order unity, ~1.2 cells/horizon)
    transient exponent a-1 = -0.124  (< 0  =>  xi/t -> gamma*, so gamma* is an ATTRACTOR -- but slowly, ~t^-0.12)
  numerical approach from BOTH sides (xi/t at t-checkpoints):
    t=1e+02: from above xi/t= 0.921, from below xi/t= 0.559, gap= 0.362
    t=1e+04: from above xi/t= 0.720, from below xi/t= 1.089, gap=-0.368
    t=1e+06: from above xi/t= 0.855, from below xi/t= 1.618, gap=-0.763
    t=1e+09: from above xi/t= 0.794, from below xi/t= 1.417, gap=-0.622
    t=1e+12: from above xi/t= 0.811, from below xi/t= 0.748, gap= 0.062
    t=1e+15: from above xi/t= 0.806, from below xi/t= 0.828, gap=-0.022
  => the two trajectories close from 0.36 to 0.022: both sides flow to gamma*, the scaling regime is an ATTRACTOR (confirmed).

======================================================================
(4) THE SCALING CONSTANT vs DISSIPATION  (what 3.45e-3 tells us)
======================================================================
  relativistic Nambu-Goto strings scale at gamma ~ O(0.1-0.3) (textbook; here 0.81),
    i.e. ~2 cells per horizon -- but A_s needs ~2.4e+07, a factor ~1e+07 more.
  the observed gamma = k_* xi = 3.46e-03 therefore requires the OVERDAMPED
    branch: network drift velocity v ~ 1.50e-02 (strongly sub-
    relativistic), i.e. a dense tangle held by strong dissipation.
  => the census network is a strongly-dissipative (superfluid, mutual-
     friction) vortex tangle, NOT relativistic strings. The smallness of
     3.45e-3 is a physical discriminant, and it points at the model's own
     superfluid genesis medium.

======================================================================
(5) THE TILT: n_s = 1 IS ROBUST, THE RED SHIFT IS A SMALL CORRECTION
======================================================================
  exact scaling -> n_s = 1. Whether the EoS drift of gamma* moves it depends
  on how gamma* responds to beta -- and here is the key finding:
    beta = 0.450: gamma* = 0.8109, v* = 0.9591
    beta = 0.500: gamma* = 0.8068, v* = 0.8676  <- radiation (imprint era)
    beta = 0.550: gamma* = 0.8109, v* = 0.7848
    beta = 0.667: gamma* = 0.8558, v* = 0.6135  <- matter
  gamma*(beta) has a MINIMUM at radiation (beta=1/2): d gamma*/d beta ~ 0
  exactly where the CMB modes imprint. So the EoS drift is SUPPRESSED there,
  and the scaling network predicts n_s ~ 1 ROBUSTLY (near-scale-invariance
  for free, not tuned). The gamma* plateau is why the tilt is small, not why
  it is red.
  The observed red shift n_s-1 = -0.0351 is therefore a SUB-leading
  correction, of order the departure from exact scaling. Its candidates are
  ranked, none yet computed: (a) the slow approach-to-scaling transient
  (xi/t carries a t^-0.12 residual, red), (b) a mild scale-dependence
  of the imprint transfer R, (c) the exit from radiation. This is the honest
  residual on the tilt -- the network fixes n_s ~ 1; the last -0.035 is open.

======================================================================
GRADE (honest)
======================================================================
  EXHIBITED: xi/l_H = const is a dynamical ATTRACTOR of a defect-network in an
  expanding background -- shown here to pull generic initial conditions to one
  self-similar ratio from both sides, with the analytic fixed point and its (slow)
  decay exponent matched. The mechanism CLASS the corpus asserted is now shown to
  be dynamically real. Two further results fall out: (i) the value's smallness
  (3.45e-3) selects the overdamped/superfluid tangle -- the model's own genesis
  medium -- over relativistic strings, by a factor ~1e7 in cell count; (ii)
  gamma*(beta) is stationary at radiation, so the network predicts n_s ~ 1
  ROBUSTLY (near-scale-invariance for free, not tuned).

  STILL OPEN: (a) the exact VALUE gamma* = 3.45e-3 is the network's scaling
  constant, fixed by the genesis tangle's microphysics (the winding energetics,
  the mutual-friction coefficient) -- a first-principles derivation from the PRTOE
  medium Lagrangian, not a generic VOS ansatz; (b) the residual red tilt -0.035 is
  sub-leading (the network gives n_s~1) and its source -- approach-to-scaling
  transient, transfer-scale-dependence, or the radiation exit -- is uncomputed.
  #168 moves from 'asserted, never exhibited' to 'mechanism class exhibited; value
  and medium-derivation open'.

self-check:
  [ok] k_*xi = (2pi^2 A_s)^(1/3) = 3.45e-3: got 0.00346, expect 0.00345
  [ok] frozen cell -> n_s = 4: got 4.0, expect 4.0
  [ok] scaling xi~1/k -> n_s = 1: got 1.0, expect 1.0
  [ok] VOS attractor reached from generic ICs: got 1.0, expect 1.0

ALL CHECKS PASS
