========================================================================
First-principles α_B → γ* (portal ε² + overdamped VOS)
========================================================================

(0) Inputs (prediction side — no A_s):
  ε = c·f̄·α_c = 1.254323e-02
  ε² = 1.573325e-04   ε⁴ = 2.475351e-08
  α_c = 2.189206e-02, f̄ = 0.636620, c = 0.9

(0b) External referee only:
  f(r=1) from closed A_s = 2.205824e-04
  f(r=1) from measured A_s = 2.212635e-04
  A_s closed = 2.080667e-09, measured = 2.100000e-09

(1) Rejected thermal routes (record):
  f_n=(T/T_c)^4 at z=1.0e+06 (chain stage-5): 3.0931e-12
  f_n=(T/T_c)^4 at z=1.0e+08 (T/Tc~0.13): 3.0931e-04
  f_n=(T/T_c)^4 at z=7.5e+08 (near Tc): 9.7869e-01
  → stage-5 value ~1e-12 (too small); runs with z (breaks constant γ*).
  phonon ρ_n(ζT_γ)/ρ_dm at z~1e6: α_B ≫ 1 (not overdamped; wrong regime).
  (T/Ψ₀)² radiation friction at pour scale: ~1e-47 (irrelevant).

(2) Portal friction:
  α_B = ε² = 1.573325e-04  (second-order dissipative response)
  k_mom = α_B² = ε⁴ = 2.475351e-08
  v* and γ* for c_chop ∈ {1, 2}:
  L: c_chop=1 (coefficient-free)
    γ* = 1.573325e-04   v* = 1.573325e-04
    γ*/f_ref = 0.7133
    A_s(r=1,γ*) = 7.549973e-10   vs meas 0.3595×, vs closed 0.3629×
  T: c_chop=2 (transverse plane d_⊥)
    γ* = 2.225017e-04   v* = 1.112509e-04
    γ*/f_ref = 1.0087
    A_s(r=1,γ*) = 2.135455e-09   vs meas 1.0169×, vs closed 1.0263×

(3) γ(β) under Route T (k=ε⁴, c=2) — n_s≈1 robustness:
  β=0.450: γ*=2.236227e-04
  β=0.500: γ*=2.225017e-04  <- radiation
  β=0.550: γ*=2.236227e-04
  β=0.667: γ*=2.359987e-04  <- matter

(4) Approach-to-scaling transient (order-of-magnitude, not n_s):
  v*(Route T) = 1.112509e-04,  a-1 = -5.000000e-01
  (red tilt residual still open as a full computation — see tilt_envelope).

========================================================================
GRADE
========================================================================
  CANDIDATE_CLOSED
  Route T (α_B=ε², c_chop=d_⊥=2, k_mom=ε⁴) lands γ* and A_s inside 5% of the r=1 triangle / measured amplitude WITHOUT fitting to A_s. Named residual: defend d_⊥=2 as the loop-chopping factor (transverse plane of a line defect), or replace it with a computed reconnection coefficient from the medium Lagrangian.

  DERIVED (no free fit):
    - α_B = ε² from second-order portal dissipation
    - k_mom = α_B² = ε⁴ from overdamped friction suppression
    - c_chop = O(1) from topological reconnections (not ε-suppressed)
    - Route L floor: γ* = ε² = 1.5733e-04  (0.713 × f_ref)

  CANDIDATE (one named O(1)):
    - c_chop = d_⊥ = 2  →  γ* = ε²√2 = 2.2250e-04
      (1.0087 × f_ref,  A_s = 1.0169 × measured)

  KILL CONDITIONS:
    - d_⊥ shown not to control VOS chopping (reconnection sims / medium Lagrangian)
    - independent A_s channel (closed form) moves by ≫5% while Route T held fixed
    - promoting Route T while silently fitting c_chop to A_s

  NOT CLAIMED:
    - n_s − 1 = −0.035 from this α_B alone (still envelope / transient)
    - thermal f_n route
    - zero free parameters of the whole model (Track B inputs remain)

SUMMARY
  grade=CANDIDATE_CLOSED
  eps2=1.573325e-04
  gamma_L=1.573325e-04
  gamma_T=2.225017e-04
  ratio_f_T=1.008701
  ratio_As_T=1.016883
