Delta N_eff re-priced at the finiteness-selected roster: dark SU(2), N_f = 3
==============================================================================
  Goldstone multiplet, SU(2) pseudo-real  SU(6) -> Sp(6) : 14
  Goldstone multiplet, an SU(3) sector    (for contrast) : 8
  penalty factor from pseudo-reality                     : 1.75x
  (the old script's scan ceiling was g = 8 -- BELOW the actual count)

decoupling                         (Td/Tnu)^4  g=8 (SU3)  g=14 (SU2)  verdict (SU2)
T_dec > 200 GeV (all SM active)        0.0469      0.214       0.375  EXCLUDED by Planck
T_dec ~ 1 GeV (above QCD)              0.0972      0.444       0.778  EXCLUDED by Planck
T_dec ~ 150 MeV (QCD region)           0.5428      2.481       4.342  EXCLUDED by Planck
T_dec ~ 20 MeV (below QCD)             1.0000      4.571       8.000  EXCLUDED by Planck

  BEST CASE for SU(2) (earliest possible decoupling, all SM active):
    Delta N_eff = 0.375  vs Planck's ~0.3 (2sigma)  -> EXCLUDED

  INVERT: the largest g_dark Planck allows even at earliest decoupling = 11.2
    SU(2) N_f=3 needs 14. An SU(3) sector would need 8. 
    -> a MASSLESS SU(2) Goldstone multiplet does not fit, at ANY decoupling temperature.

  The CMB escape would be that the 14 are PSEUDO-Goldstones, non-relativistic by
  recombination (T ~ 0.3 eV) and annihilated away as the roster already says its dark
  hadrons are. But that escape does not reach BBN:

==============================================================================
WHERE IT ACTUALLY BITES: BBN -- AND AT THE DECONFINED COUNT, NOT THE GOLDSTONES
==============================================================================
  RAMP AUDIT (snag protocol 5a) -- a first draft of this script priced BBN with the
  14 CONFINED Goldstones. That was a PHASE ERROR, not merely a step:
    n/p freeze-out T ~ 700 keV  vs  T_c = 179 keV  ->  T/T_c = 3.9
    The dark sector is DECONFINED at freeze-out. The Goldstones DO NOT EXIST yet.
    The correct dof there are dark QUARKS + GLUONS.

    DECONFINED (T > T_c): gluons 6 + quarks 21 = 27 dof
    CONFINED   (T < T_c): 14 Goldstones
    -> BBN must be priced at g = 27, not 14. The first draft UNDER-counted.

  Delta N_eff at n/p freeze-out (best-case earliest decoupling) = 0.723

  Can the Boltzmann ramp rescue it? Only if the dark quarks are heavy -- and tau
  REQUIRES them light (heavy quarks drive T_c/sqrt(sigma) toward the pure-glue
  0.69-0.71 and break P-048's own claim). At T = 700 keV a 100 keV quark is
  suppressed by rho/rho_0 = 0.997. The ramp does NOT rescue it.

  BBN price:  dY_p/dN_eff ~ 0.013  ->  Delta Y_p = 0.0094
              sigma(Y_p) ~ 0.004        ->  +2.3 sigma of ADDITIONAL Y_p
  The model already carries Y_p at +1.3 sigma ADVERSE (the owned BBN deuterium row). Extra
  relativistic dof speed the expansion -> earlier freeze-out -> more neutrons ->
  HIGHER Y_p. The sign is wrong: it drives the weakest row further adverse.
      +1.3 sigma  ->  ~+3.6 sigma

  VERDICT (termination-B: the failure is lawful and bookable): P-2026-048's roster
  REQUIRES the dark sector to have NEVER THERMALISED with the SM. Thermalised, it
  drives Y_p to ~3.6 sigma adverse -- in the model's already-weakest row.
  Non-thermalised, Delta N_eff -> 0 and the roster survives, at the price of a hard
  upper bound on the portal coupling. CMB-S4 (+/-0.03) tests it either way.
  The old g=2..8 scan could not see this: it never contained the right number, in
  either phase.
