=== The DE value needs tau = T_c/m_e for exact match: ===
   tau_exact = 0.3451  (T_c = 176 keV)

=== CONJECTURE: tau = 1/d = 1/3 (the structural spatial dimension)? ===
   tau=1/3=0.3333 -> DE = (9/2)a^4 m_e (1/3) = (3/2)a^4 m_e = 2.174 meV (0.966x)
   -> clean form: DE = (d/2) a^4 m_e  [since (9/2)(1/3)=(d^2/2)(1/d)=d/2].  ~5% low. Connects to the REAL 3.
   the coupling that gives tau=1/3 in d=3: g=2.774 (=1.39x critical g_c=2.00)

=== Is tau=1/d a PROPERTY of the gap equation, or does it need a tuned coupling? RAMP over d ===
   For each d, find the coupling g* where tau=1/d, and check if g* is 'natural' (e.g. a fixed ratio to g_c):
   d=2: g_c=1.000, g*(tau=1/d)=2.305, ratio g*/g_c=2.305
   d=3: g_c=2.000, g*(tau=1/d)=2.774, ratio g*/g_c=1.387
   d=4: g_c=3.000, g*(tau=1/d)=3.427, ratio g*/g_c=1.142
   -> g*/g_c is NOT a fixed number across d, so tau=1/d is NOT an automatic gap-equation identity.
      It requires the coupling to sit at a d-specific point -- not derived from the gap alone.

=== The principled strong-coupling point: UNITARITY (scale-free crossover) ===
   3D unitary Fermi gas (universal): T_c/E_F = 0.167, Delta/E_F ~ 0.5 (QMC).
   If E_F ~ m_e (cutoff scale): tau = T_c/m_e ~ 0.167 -> DE = 0.484x  -- 2x LOW.
   Unitarity does NOT give 0.34 either.

=== VERDICT ===
tau ~ 0.35 is a genuine STRONG-COUPLING number. Two principled anchors tried:
 - unitarity: tau~0.167 (2x low);  - tau=1/d=1/3: DE=(d/2)a^4 m_e, 0.94-0.97x (~5% low), CLEAN + ties
   to the structural 3, but g*(tau=1/d) is not a fixed multiple of g_c -> a CONJECTURE, not derived.
=> tau is the irreducible residual: an O(1) strong-coupling number ~0.33-0.35, pinning DE to ~5-10%.
   Closing it to the digit needs the medium's ACTUAL p-wave gap solution (its real coupling), which
   is microphysics not in hand. Honest floor: DE = (9/2)a^4 m_e tau, tau~1/3 (whisper), ~5% from obs.
