==============================================================================
  #86 — THE OCCUPANCY LOCK CANNOT DELIVER THE NULL
==============================================================================

  F-A  the target, re-derived rather than assumed
  ok    F-A1 Q = 2/3 requires eps_1/eps_0 = 2   Q(2) = 0.666666666666667
  ok    F-A2 and eps ~ w^2, so w_1/w_0 = sqrt2   sqrt2 = 1.414213562

  F-B  the RECORDED lock, with the two frequencies kept distinct
       T6: N_0 = M w f_0^2/hbar = 1 (neutral), charged pair at 2 x (1/2) hbar w
       -> (w_S, w_D) = (2, 1) in the (2n+1) convention   [mixed, see header]
  ok    F-B1 R_c/M_c = (w_0/w_1)^(1/2) = 2^(-1/4)   0.840896 — a 15.9% miss, matching T6's recorded 15.9%
  ok    F-B2 the recorded occupancies force w_1/w_0 = 1, i.e. DEGENERATE sectors   w_1/w_0 = 1.0
  ok    F-B3 so eps_1/eps_0 = 1 and Q = 1, not 2/3   Q = 1.000000
       -> T6 read the 15.9% as a condition on the FREEZE. It is not: no freeze
          condition helps, because no occupancies reach sqrt2 at all (F-C, F-D).

  F-C  exhaustive scan over occupancies
       scanned n_S, n_D in [0, 300] — 90601 pairs
       best: (n_S, n_D) = (119, 84), relative miss 8.753 ppm
  ok    F-C1 no pair in that range meets the 6 ppm budget   best is 8.753 ppm, budget 6 ppm
  ok    F-C2 and the recorded (1, 0) is nowhere near   n_S=1, n_D=0 -> w_1/w_0 = 0.666667 vs sqrt2 = 1.414214

  F-D  the obstruction is IRRATIONALITY, not a failed search
  ok    F-D1 every (n_S, n_D) gives an exactly RATIONAL w_1/w_0   w_1/w_0 = 2(2n_D+1)/(2n_S+1), a ratio of integers by construction
  ok    F-D2 and no pair gives (w_1/w_0)^2 = 2 EXACTLY, at any occupancy   4 x 10^6 pairs tested in exact rational arithmetic; p^2 = 2q^2 has no integer solution
       -> this is not 'the lock has not been tuned yet'. It is closed.

  F-E  ANTI-CONTROL: does the argument prove too much?
  ok    F-E1 thermal equipartition reaches eps_1/eps_0 = 2 with no irrational count   the null reads 2/eps_1 = 1/eps_0 — an INTEGER ratio of stiffnesses
  ok    F-E2 and its frequency ratio is irrational, absorbed by eps ~ w^2   w_1/w_0 = 1.414213562 — never produced by a count
       -> so the result is specific to occupancy laws. The class that CAN be
          exact cannot hit the target; the class that hits it cannot be exact.

  F-F  ANTI-CONTROL: is it an artifact of the doublet's multiplicity 2?
       multiplicity 1: reachable within 6 ppm? no
       multiplicity 2: reachable within 6 ppm? no
       multiplicity 3: reachable within 6 ppm? no
  ok    F-F1 sqrt2 stays unreachable at multiplicity 1, 2 and 3   the obstruction is the rationality of counts, not the number 2

  F-G  ANTI-CONTROL: what if the split is SUDDEN rather than adiabatic?
       diabatic: the amplitudes do not follow eps, so they keep their
       degenerate values and the null holds for ANY eps_1/eps_0.

     eps_1/eps_0   adiabatic R_c/M_c   diabatic R_c/M_c
            0.50            1.189207           1.000000
            1.00            1.000000           1.000000
            2.00            0.840896           1.000000
            4.00            0.707107           1.000000
          100.00            0.316228           1.000000
  ok    F-G1 the diabatic branch gives R_c/M_c = 1 at EVERY stiffness ratio   diabatic flat at 1; adiabatic spans 0.3162-1.1892, so the comparison is not vacuous
  ok    F-G2 so the null becomes an identity and selects no ratio   one diabatic value across five ratios vs five distinct adiabatic values
       -> both branches fail, and for different reasons. Adiabatic: sqrt2 is
          unreachable. Diabatic: the null goes vacuous. There is no third branch,
          since a partial-adiabatic split interpolates between the two.

  F-H  what would the 6 ppm budget cost in quanta?
       w_S/w_D must approximate sqrt2 with BOTH odd. Odd/odd convergents:

         w_S/w_D        value    miss (ppm)     n_S     n_D
             7/5  1.400000000     10050.506       3       2
           41/29  1.413793103       297.309      20      14
         239/169  1.414201183         8.753     119      84
        1393/985  1.414213198         0.258     696     492   <- first inside budget
  ok    F-H1 the first odd/odd pair inside 6 ppm is 1393/985   (1393, 985, 696, 492)
  ok    F-H2 which needs 696 quanta in the singlet and 492 in each doublet mode   n_S = 696, n_D = 492
  ok    F-H3 and 239/169 — the next one down — misses at 8.7 ppm, outside the budget   8.75 ppm
       -> so even the approximate escape is not an escape: 696 and 492 are not
          locked integers, they are a two-parameter fit with nothing selecting
          them. The lock's whole claim was that its integers are FORCED.

==============================================================================
  RESULT — THE ESCAPE IS CLOSED, AND THE CONTRADICTION STANDS
==============================================================================

  THE OCCUPANCY LOCK CANNOT DELIVER THE NULL, AT ANY OCCUPANCIES. An occupancy law
  equates <x^2> = (2n+1) hbar/(2 M w) across the sectors, so it can only ever produce
  a RATIONAL frequency ratio w_1/w_0 = 2 w_D/w_S. Koide needs eps_1/eps_0 = 2 and
  eps ~ w^2, hence w_1/w_0 = sqrt2, which is irrational. No integers reach it -- not
  because none has been found, but because none exists (F-D).

  THE PROPERTY THAT KILLS IT IS THE PROPERTY IT WAS PRAISED FOR. T6's argument for
  the lock was that "an integer occupancy cannot drift, which is the one exactness
  class a 6e-6 claim admits". True, and fatal: integers that cannot drift also cannot
  drift onto sqrt2.

  T6's DIAGNOSIS WAS TOO KIND. It found the 15.9% miss (R_c/M_c = 2^(-1/4)) once the
  two frequencies were kept distinct, and read it as a condition on the freeze -- the
  sectors must be degenerate when the quanta are counted. But the recorded occupancies
  force w_1/w_0 = 1 exactly, i.e. eps_1/eps_0 = 1, i.e. Q = 1 (F-B). Degeneracy is not
  a condition that rescues the lock; degeneracy is what the lock's own numbers assert,
  and it is the wrong answer.

  BOTH FREEZE BRANCHES FAIL, FOR DIFFERENT REASONS (F-G). If the stiffnesses split
  ADIABATICALLY, the amplitudes track 1/w and the ratio must be sqrt2 -- unreachable.
  If they split SUDDENLY, the amplitudes stay frozen at their degenerate values, the
  null R_c = M_c holds for ANY stiffness ratio, and it constrains nothing at all --
  the same degeneracy that disqualified the "equal amplitude" row. A partial-adiabatic
  split interpolates between two failures, so there is no third branch.

  AND THE APPROXIMATE ESCAPE IS NOT ONE EITHER (F-H). sqrt2 has rational
  approximations, so ask what 6 ppm costs: the first odd/odd pair inside budget is
  1393/985, i.e. 696 quanta in the singlet and 492 in each doublet mode. Those are not
  forced integers, they are a fit -- and the lock's entire claim was that its integers
  are forced. The next pair down, 239/169, misses at 8.7 ppm.

  WHAT SURVIVES, AND IT IS A SHARPER STATEMENT OF THE PROBLEM. The two classes divide
  cleanly (F-E). Occupancy laws can be EXACT but produce only rational frequency
  ratios. Equipartition produces the required ratio -- because eps ~ w^2 absorbs the
  irrationality, and the null reads as the integer statement 2/eps_1 = 1/eps_0 -- but
  cannot be exact at the corpus's own x_1 = 2/9, where n_bar = 4.02. The null needs a
  law from the second class; exactness needs one from the first. NO LAW IS IN BOTH.

  SO #86 DOES NOT RESOLVE THE CONTRADICTION -- IT HARDENS IT, and re-points the debt.
  What is owed is no longer "check the lock's freeze condition" but: exhibit a delivery
  law whose frequency dependence enters through eps ~ w^2 rather than through a count,
  AND which is exact. Thermal equipartition satisfies the first and fails the second.
  The occupancy lock satisfies the second and cannot satisfy the first. Whether any
  third class exists is now the load-bearing question for Q = 2/3's derivation --
  distinct from Q = 2/3 itself, which is measured and untouched by any of this.

