==============================================================================
  THE Y-JUNCTION: WHAT alpha_dark DOES c_K = 4/(3 ln2) ACTUALLY DEMAND?
==============================================================================

  Y-A  the Y (Steiner) configuration is the minimiser for three sources
  ok    Y-A1 leg length = d/sqrt(3)   0.577350269190
  ok    Y-A2 total Y length = sqrt(3) d   1.732050807569
  ok    Y-A3 ... but the Delta half-flux ansatz is SHORTER (1.5 d < 1.732 d)   Y = 1.7321 d vs Delta = 1.5000 d  -- NOTED, see verdict

  Y-B  minimising E(d) = sqrt(3) sigma d + 3 q^2 / d
  ok    Y-B1 Steiner factor 3^(1/4)   1.316074012952
  ok    Y-B2 numeric minimum matches the analytic d   d_min = 1.121311993
  ok    Y-B3 c_K = d sqrt(sigma) = 3^(1/4) q   1.842503618 vs 1.842503618

  THE DEMAND:  c_K = 3^(1/4) q  =>  q = c_K / 3^(1/4) = 1.461614901
               q^2 = 2.136318118

  and in three coupling conventions, because 'alpha' is ambiguous here:
    alpha = q^2 / (4 pi)   [Gaussian/Heaviside]            0.17000
    alpha = q^2 / 2                                        1.06816
    alpha = q^2            [naive]                         2.13632

  Y-C  the demanded c_K sits inside the recorded correlator locus
  ok    Y-C1 c_K in [1.76, 1.97]   1.923593 in (1.76, 1.97)

  Y-D  ANTI-CONTROL: does the topology discriminate, at fixed c_K?
  ok    Y-D1 BOTH topologies reach the c_K target, with different q   Y needs q^2 = 2.136318, Delta needs q^2 = 1.850106
  ok    Y-D2 so the correlator locus does NOT select between them   the locus constrains c_K, and both topologies hit the same c_K
  ok    Y-D3 what the topology DOES change is the demanded q^2, by exactly 2/sqrt(3)   ratio = 1.154700538 = 2/sqrt3 (15.5%)

==============================================================================
  RESULT
==============================================================================

  THE GEOMETRY IS NOW EXPLICIT, and it is one line: minimising
  E(d) = sqrt(3) sigma d + 3 q^2/d over the face spacing gives

      c_K = d sqrt(sigma) = 3^(1/4) * q = 1.31607 q

  so the c_K target converts DIRECTLY into a charge, q = 1.461615, q^2 = 2.13632.
  The Steiner factor 3^(1/4) is the entire geometric content of the Y-junction.

  ON THE RECORDED alpha_dark ~ 3.2. That number matches q^2/2 = 1.068 to
  67%, and matches neither q^2/(4 pi) = 0.170
  nor q^2 = 2.136. So the recorded 3.2 is consistent with ONE convention and not the
  others, and the corpus does not say which it meant. **That ambiguity is itself
  part of the debt** -- a coupling quoted without its convention cannot be
  confronted with a lattice number, which is exactly what the route needs next.

  THE HONEST STATUS. This does NOT derive c_K. It converts "alpha_dark ~ 3.2,
  consistency-grade" into a sharp, falsifiable statement: the Y-junction geometry
  demands q^2 = 2.13632 exactly, and whether that is strong-natural depends entirely
  on a convention the corpus has not fixed. The debt is now (a) fix the convention,
  (b) get alpha_dark for SU(2) with N_f = 3 at the string scale from the lattice,
  (c) compare. All three are concrete; none was before.

  A CAUTION THAT MUST NOT BE BURIED (Y-A3). The Y configuration is NOT the shorter
  one. Total string length is sqrt(3) d = 1.732 d for the Y against 1.5 d for the
  Delta half-flux ansatz. In baryon-string phenomenology both are used, and which
  wins is a dynamical question, not a geometric one. **The Y is an assumption here,
  not a result**, and the whole c_K construction inherits it.

  BUT THE CONSEQUENCE IS SMALLER THAN IT FIRST LOOKED, and the first version of this
  script overstated it. Comparing the topologies at FIXED q suggested the Delta
  lands outside the correlator locus -- but q is fixed by nothing. Each topology
  reaches the SAME c_K with its OWN charge: Y needs q^2 = 2.136318, Delta needs
  q^2 = 1.850106, a ratio of exactly 2/sqrt(3). So the locus, which constrains
  c_K, CANNOT discriminate between them (Y-D). The topology ambiguity does not
  threaten the c_K target; it shifts the coupling that has to be justified by 15.5%.
  That is a real ambiguity in the chain and a smaller one than a broken agreement.

