======================================================================
  T14 single-instrument H_kin — protocol 2026-08-03
  grid 64x64x128  T_MAX=1.5  SMOKE — not booking
  out: docs/working_logs/_runs/t14_hkin_resmoke_i4b
======================================================================

======================================================================
  BRANCH n+1_f+1
======================================================================
  [n+1_f+1 t= 0.25] ring helA=+0 W=-1.777 Tw=-2.777 Wr=+0.728 H=-0.049 bins=16/16 phase=16/16 drift_phys=14.396%
      candidate @ t=0.25 nphase=16 helA=+0
  [n+1_f+1 t= 0.50] ring helA=+1 W=+1.082 Tw=+0.082 Wr=+0.482 H=+2.563 bins=16/16 phase=16/16 drift_phys=27.744%
      candidate @ t=0.50 nphase=16 helA=+1
  [n+1_f+1 t= 0.75] ring helA=+1 W=+1.074 Tw=+0.074 Wr=+0.001 H=+2.074 bins=16/16 phase=16/16 drift_phys=39.967%
      candidate @ t=0.75 nphase=16 helA=+1
  [n+1_f+1 t= 1.00] ring helA=-1 W=-3.234 Tw=-4.234 Wr=-0.387 H=-2.621 bins=16/16 phase=16/16 drift_phys=43.886%
      candidate @ t=1.00 nphase=16 helA=-1
  [n+1_f+1 t= 1.25] ring helA=+1 W=-0.709 Tw=-1.709 Wr=+0.116 H=+0.408 bins=16/16 phase=16/16 drift_phys=38.016%
      candidate @ t=1.25 nphase=16 helA=+1
  [n+1_f+1 t= 1.50] ring helA=-1 W=-0.724 Tw=-1.724 Wr=+0.081 H=+0.356 bins=16/16 phase=16/16 drift_phys=27.782%
      candidate @ t=1.50 nphase=16 helA=-1
  SELECTED verdict t=0.75 nphase=16 helA=+1 Tw=+0.074 Wr=+0.001 from 6 candidates
  VERDICT n+1_f+1: t=0.75 H=+2.0743 spread=0.6285 margin_ok=True drift_phys=39.967%

======================================================================
  BRANCH n+1_f-1
======================================================================
  [n+1_f-1 t= 0.25] ring helA=-1 W=-0.495 Tw=-1.495 Wr=+0.321 H=+0.826 bins=16/16 phase=16/16 drift_phys=14.396%
      candidate @ t=0.25 nphase=16 helA=-1
  [n+1_f-1 t= 0.50] ring helA=-1 W=+0.582 Tw=-0.418 Wr=+0.310 H=+1.893 bins=16/16 phase=16/16 drift_phys=27.744%
      candidate @ t=0.50 nphase=16 helA=-1
  [n+1_f-1 t= 0.75] ring helA=+1 W=+0.977 Tw=-0.023 Wr=+0.035 H=+2.012 bins=16/16 phase=15/16 drift_phys=39.967%
      candidate @ t=0.75 nphase=15 helA=+1
  [n+1_f-1 t= 1.00] ring helA=-1 W=-0.685 Tw=-1.685 Wr=-0.165 H=+0.150 bins=16/16 phase=15/16 drift_phys=43.886%
      candidate @ t=1.00 nphase=15 helA=-1
  [n+1_f-1 t= 1.25] ring helA=+1 W=+1.057 Tw=+0.057 Wr=+0.006 H=+2.063 bins=16/16 phase=16/16 drift_phys=38.016%
      candidate @ t=1.25 nphase=16 helA=+1
  [n+1_f-1 t= 1.50] ring helA=+1 W=-0.025 Tw=-1.025 Wr=+0.200 H=+1.175 bins=16/16 phase=13/16 drift_phys=27.782%
      candidate @ t=1.50 nphase=13 helA=+1
  SELECTED verdict t=0.75 nphase=15 helA=+1 Tw=-0.023 Wr=+0.035 from 6 candidates
  VERDICT n+1_f-1: t=0.75 H=+2.0118 spread=1.1689 margin_ok=False drift_phys=39.967%

======================================================================
  BRANCH n-1_f+1
======================================================================
  [n-1_f+1 t= 0.25] ring helA=+0 W=+1.736 Tw=+2.736 Wr=-0.729 H=+0.007 bins=16/16 phase=16/16 drift_phys=14.396%
      candidate @ t=0.25 nphase=16 helA=+0
  [n-1_f+1 t= 0.50] ring helA=+1 W=-1.507 Tw=-0.507 Wr=-0.294 H=-2.801 bins=16/16 phase=16/16 drift_phys=27.744%
      candidate @ t=0.50 nphase=16 helA=+1
  [n-1_f+1 t= 0.75] ring helA=-1 W=-0.735 Tw=+0.265 Wr=-0.242 H=-1.977 bins=16/16 phase=16/16 drift_phys=39.967%
      candidate @ t=0.75 nphase=16 helA=-1
  [n-1_f+1 t= 1.00] ring helA=+1 W=+3.296 Tw=+4.296 Wr=+0.340 H=+2.635 bins=16/16 phase=16/16 drift_phys=43.887%
      candidate @ t=1.00 nphase=16 helA=+1
  [n-1_f+1 t= 1.25] ring helA=-1 W=+0.005 Tw=+1.005 Wr=-0.115 H=-1.110 bins=16/16 phase=16/16 drift_phys=38.019%
      candidate @ t=1.25 nphase=16 helA=-1
  [n-1_f+1 t= 1.50] ring helA=+1 W=+0.481 Tw=+1.481 Wr=+0.251 H=-0.268 bins=16/16 phase=16/16 drift_phys=27.779%
      candidate @ t=1.50 nphase=16 helA=+1
  SELECTED verdict t=0.75 nphase=16 helA=-1 Tw=+0.265 Wr=-0.242 from 6 candidates
  VERDICT n-1_f+1: t=0.75 H=-1.9766 spread=0.7323 margin_ok=False drift_phys=39.967%

======================================================================
  BRANCH n-1_f-1
======================================================================
  [n-1_f-1 t= 0.25] ring helA=+1 W=-0.432 Tw=+0.568 Wr=-0.321 H=-1.753 bins=16/16 phase=16/16 drift_phys=14.396%
      candidate @ t=0.25 nphase=16 helA=+1
  [n-1_f-1 t= 0.50] ring helA=-1 W=-0.408 Tw=+0.592 Wr=-0.456 H=-1.864 bins=16/16 phase=16/16 drift_phys=27.744%
      candidate @ t=0.50 nphase=16 helA=-1
  [n-1_f-1 t= 0.75] ring helA=+1 W=-0.844 Tw=+0.156 Wr=-0.125 H=-1.970 bins=16/16 phase=15/16 drift_phys=39.967%
      candidate @ t=0.75 nphase=15 helA=+1
  [n-1_f-1 t= 1.00] ring helA=-1 W=-1.194 Tw=-0.194 Wr=-0.139 H=-2.334 bins=16/16 phase=15/16 drift_phys=43.887%
      candidate @ t=1.00 nphase=15 helA=-1
  [n-1_f-1 t= 1.25] ring helA=+1 W=-1.038 Tw=-0.038 Wr=+0.198 H=-1.841 bins=16/16 phase=16/16 drift_phys=38.019%
      candidate @ t=1.25 nphase=16 helA=+1
  [n-1_f-1 t= 1.50] ring helA=-1 W=-1.471 Tw=-0.471 Wr=+0.407 H=-2.064 bins=16/16 phase=12/16 drift_phys=27.779%
      candidate @ t=1.50 nphase=12 helA=-1
  SELECTED verdict t=0.75 nphase=15 helA=+1 Tw=+0.156 Wr=-0.125 from 6 candidates
  VERDICT n-1_f-1: t=0.75 H=-1.9695 spread=0.9462 margin_ok=False drift_phys=39.967%

======================================================================
  OUTCOME TABLE (protocol 2026-08-03)
======================================================================
  True-mirror checks:
    (1, 1)<->(-1, -1): H=+2.074,-1.970 sum=+0.105 rel=5.18% OK
    (1, -1)<->(-1, 1): H=+2.012,-1.977 sum=+0.035 rel=1.77% OK
  All four verdicts: True
  All margins pass:  False

  BOOKING: near-cancellation booked; overall sign stays OPEN
  Unchanged: branch closure (A flips with n); link 5 NEG; Fermi unreadable.
======================================================================

  wrote docs/working_logs/_runs/t14_hkin_resmoke_i4b/summary.json  elapsed 841s
