======================================================================
O6 MeV residual — stocked gap arithmetic only
======================================================================

[0] Stocked anchors
  m                    = 2.240e-20 eV
  λ                    = 2.0e-91
  ρ_bounce^{1/4}        = 1.0592e+03 eV  (1.0592 keV)
  ρ_eff^{1/4} (door)    = 2.8268e+03 eV  (2.8268 keV)
  ρ_rad^{1/4} (door)    = 1.4643e+02 eV  (146.4 eV)
  shear_frac (door)    = 0.999993
  MeV bar T            = 1e+06 eV
  ρ_MeV (g_*=10.75)   = 3.5366e+24 eV^4  (ρ^{1/4}=1.3713e+06 eV)
  c_s                  = 0.147960   1/c_s = 6.7586

[1] Gap factors (MeV over stocked scales)
  T_MeV / T_eff        = 3.5376e+02  (2.55 dex)
  T_MeV / T_bounce     = 9.4408e+02  (2.98 dex)
  T_MeV / T_rad(door)  = 6.8290e+03  (3.83 dex)
  ρ_MeV / ρ_eff        = 5.5388e+10  (10.74 dex)
  ρ_MeV / ρ_bounce     = 2.8095e+12  (12.45 dex)
  ρ_MeV / ρ_rad(door)  = 7.6915e+15  (15.89 dex)

[2] Fabricated N_med / η path (reported; NOT a land)
  N_med (door→1 MeV, η=1) = 6.1844   [FABRICATED]
  1/c_s                     = 6.7586   [NOT identity]
  N_med / (1/c_s)           = 0.9150
  N_med late-lock (S2)      = -2.6208   [NEGATIVE — S=2.80e-05]
  N_med Θ=1 lock            = -1.2301   [NEGATIVE — S=7.297e-03]
  SIGN CONFLICT: MeV dial wants N_med>0; F-A2 late lock wants N_med<0.
  One free N_med cannot honestly serve both O6 and obstruction-C close.

[3] Electron-family clock (candidate only; under MeV bar)
  T_c = τ m_e               = 1.7710e+05 eV  (177.1 keV)
  N_med to T_c              = 4.4534  → T under MeV by ×5.65
  N_med to m_e              = 5.5130  → T under MeV by ×1.96
  VERDICT: clock candidate only; no corpus mechanism selects the gate.

[4] Channel scorecard (stocked / priced / labeled)
  name                                         gap_T         gap_ρ  grade
  C0 door ρ_eff (legal M2)                  3.54e+02      5.54e+10  FAIL-scale
      keV-class total effective density; gap ρ ~5.5e10
  C1 floor ρ_bounce (PAID)                  9.44e+02      2.81e+12  WRONG-OBJECT+FAIL-scale
      CSW ceiling PAID; not heat bath; gap ρ ~2.8e12; H4 no help
  C2 door ρ_rad only                        6.83e+03      7.69e+15  FAIL-scale
      radiation piece alone colder (~146 eV); worse O6
  C3 1D overshoot O(1)                      3.29e+02      4.13e+10  FAIL-scale
      overshoot~1.34 verified; still ~4.1e+10 short in ρ
  C4 quench injection (priced)              5.79e+26     3.96e+107  DEAD
      ρ_quench~8.9e-84 eV^4; ~7e+96× under door itself
  C5 electron gate T_c                      5.65e+00      1.02e+03  CANDIDATE-clock-only
      T_c~177 keV; under MeV ×5.6 in T; gate unselected
  C6 electron gate m_e                      1.96e+00      1.47e+01  CANDIDATE-clock-only
      m_e=511 keV; under MeV ×1.96 in T; not BBN bar
  C7 spherical F instrument ceiling         1.58e+02      2.22e+09  INSTRUMENT-CEILING
      energy-clean focus ≲25.0×; O6 needs ~5.5e+10× in ρ (~3812 linear); ~2e+09× short
  C8 free N_med/η dial to MeV               1.00e+00      1.00e+00  FABRICATED
      N_med=6.184 η=1 closes by dial; killed as Derived; sign-conflicts S2
  C9 N_med=1/c_s as identity                4.11e-01      1.01e-01  COINCIDENCE-not-identity
      N_med/(1/c_s)=0.915 at op-point; breaks under c_s/T_reheat scan (M2b)
  C10 SM two-scale bath (task14)                 n/a           n/a  OPEN-SCHEMA
      photons ride contraction; candidate reframing — still arrives cold at door unless pre-door contraction already funded MeV (genesis cascade / task#11)
  C11 genesis cascade (task#11)                  n/a           n/a  OPEN-SCHEMA
      O6 funding moved here after task5 close; dynamical half open; not Derived

[5] Focus / compression geometry (if O6 funded by F alone)
  volume focus need (ρ_MeV/ρ_eff) = 5.5388e+10
  linear compression need         = 3.8119e+03
  instrument energy-clean ceiling ≈ 25×  (drift∝focus^1.28)
  reconstruction O6 focus bar     ≳ 1.0e+09
  shortfall ceiling→need          ≈ 2.2e+09× (~9.3 dex)
  spherical adaptive grid: energy errors 22–1817%; NOT CONVERGED / unquotable.

[6] Double-kill reminders
  K1 free N_med/η as Derived land          → HONESTY KILL (M2 labeled fabricated)
  K2 N_med=1/c_s identity                  → COINCIDENCE KILL (M2b scan)
  K3 floor ρ_bounce as MeV heat            → WRONG-OBJECT + scale kill
  K4 P1+P2 alone close O6                  → sign≠temperature kill
  K5 invent MeV by dialing keV             → FABRICATION fence
  K6 one N_med for MeV AND late lock       → SIGN CONFLICT (S2)

SUMMARY_JSON_BEGIN
{
  "package": "o6_mev_residual_20260804",
  "T_bounce_eV": 1059.230602083557,
  "T_eff_door_eV": 2826.7896789853185,
  "T_rad_door_eV": 146.43465096362385,
  "T_MeV_eV": 1000000.0,
  "gap_T_MeV_over_T_eff": 353.7581898767056,
  "gap_T_MeV_over_T_bounce": 944.0814852147894,
  "gap_T_MeV_over_T_rad": 6828.984761594523,
  "gap_rho_MeV_over_rho_eff": 55387653549.63989,
  "gap_rho_MeV_over_rho_bounce": 2809473093902.4526,
  "gap_rho_MeV_over_rho_rad": 7691508590009899.0,
  "N_med_fabricated_eta1": 6.18440563643696,
  "N_med_late_lock_S2": -2.6208265119472673,
  "N_med_theta1_lock": -1.2300609162579463,
  "N_med_is_Derived": false,
  "N_med_equals_1_over_cs": false,
  "sign_conflict_MeV_vs_late_lock": true,
  "vol_focus_need": 55387653549.63989,
  "lin_focus_need": 3811.8662664906365,
  "focus_instrument_ceiling": 25.0,
  "n_channels": 12,
  "lands": 0,
  "grade": "OPEN-BLOCKED",
  "bounce_closed": false,
  "cyclic_booked": false,
  "channels": [
    {
      "name": "C0 door \u03c1_eff (legal M2)",
      "grade": "FAIL-scale",
      "land": false
    },
    {
      "name": "C1 floor \u03c1_bounce (PAID)",
      "grade": "WRONG-OBJECT+FAIL-scale",
      "land": false
    },
    {
      "name": "C2 door \u03c1_rad only",
      "grade": "FAIL-scale",
      "land": false
    },
    {
      "name": "C3 1D overshoot O(1)",
      "grade": "FAIL-scale",
      "land": false
    },
    {
      "name": "C4 quench injection (priced)",
      "grade": "DEAD",
      "land": false
    },
    {
      "name": "C5 electron gate T_c",
      "grade": "CANDIDATE-clock-only",
      "land": false
    },
    {
      "name": "C6 electron gate m_e",
      "grade": "CANDIDATE-clock-only",
      "land": false
    },
    {
      "name": "C7 spherical F instrument ceiling",
      "grade": "INSTRUMENT-CEILING",
      "land": false
    },
    {
      "name": "C8 free N_med/\u03b7 dial to MeV",
      "grade": "FABRICATED",
      "land": false
    },
    {
      "name": "C9 N_med=1/c_s as identity",
      "grade": "COINCIDENCE-not-identity",
      "land": false
    },
    {
      "name": "C10 SM two-scale bath (task14)",
      "grade": "OPEN-SCHEMA",
      "land": false
    },
    {
      "name": "C11 genesis cascade (task#11)",
      "grade": "OPEN-SCHEMA",
      "land": false
    }
  ]
}
SUMMARY_JSON_END

ASSERTS OK — 0 lands; O6 OPEN-BLOCKED; sign conflict recorded
exit 0 = arithmetic finished; grade is OPEN-BLOCKED (not PASS)
