==============================================================================
N1 / F-A2 amplitude hunt — legal ρ_re maps vs magnitude lock
==============================================================================

[0] Anchors (stocked)
  c_s                 = 0.147960
  ξ                   = 3.047693e+20 eV^{-1}
  H_door              = 1.894392e-21 eV
  ρ_eff^{1/4} (door)   = 2.8268e+03 eV
  ρ_rad^{1/4} (door)   = 1.4643e+02 eV
  ρ_bounce^{1/4}       = 1.0592e+03 eV
  0D late_Θ           = +0.0619
  0D late_n           = 0.6822
  0D overshoot        = 1.3404

[1] Obstruction-C numbers (d=3)
  |H_kin(Θ=1)|/H_door     = 8.542424e-02  (~ c_s/√3)
  |H_kin(late)|/H_door    = 5.290197e-03
  Θ_heal for lock@H_door  = 11.7062  (need ≳12; 0D/1D O(1))
  Θ_late / Θ_lock         = 5.2902e-03

[2] Candidate scorecard (d=3, primary H_kin from listed Θ)
  ID      |Hkin|/HF |Hkin|/Hdoor      ρ/ρ_eff   ρ^{1/4}/eV  grade
  C0     5.2902e-03   5.2902e-03   1.0000e+00   2.8268e+03  DEAD-as-law
       ρ_re = ρ_eff (door)
       → Identity, not a dynamical amplitude law; late Θ fails lock by ~190×
  C1     3.7677e-02   5.2902e-03   1.9715e-02   1.0592e+03  WRONG-OBJECT
       ρ_re = ρ_bounce
       → Floor/ceiling PAID; not turn amplitude; still fails late-Θ lock
  C2a    6.4050e-03   5.2902e-03   6.8220e-01   2.5690e+03  DEAD-as-law
       ρ_re = ρ_eff · n_late
       → n-scaling provisional; late n~O(1) does not supply 10²–10⁵ suppression
  C2b    4.5617e-02   5.2902e-03   1.3449e-02   9.6265e+02  WRONG-OBJECT
       ρ_re = ρ_bounce · n_late
       → Floor×n still not F-A2; lock fails
  C3     6.1248e-03   5.2902e-03   7.4603e-01   2.6271e+03  DEAD-as-law
       ρ_re = ρ_eff / overshoot
       → overshoot=1.34 only O(1); need ~10⁴–10⁵ for late-Θ lock
  C4     1.0000e+00   5.2902e-03   2.7986e-05   2.0560e+02  TAUTOLOGY
       ρ_re = 3 H_kin² M_PL²/(8π)  [inverse]
       → Always locks by construction; does not derive ρ_re from medium parts
  C5     1.9714e+00   5.2902e-03   7.2011e-06   1.4643e+02  DEAD-as-law
       ρ_re = ρ_rad (door radiation)
       → Radiation alone at door; H_F smaller — check score; not a re-entry law
  C6     8.5424e-02   8.5424e-02   1.0000e+00   2.8268e+03  STILL-OPEN
       ρ_re = ρ_eff with Θ_heal=1 (optimistic)
       → Best stocked Θ without inventing Θ≳12; ratio ~0.085 ≠ 1
  C7     1.0000e+00   1.0000e+00   1.0000e+00   2.8268e+03  MISSING_INPUT
       ρ_re = ρ_eff with Θ=Θ_lock≈12 (required)
       → Would lock shear-door bookkeeping only if Θ_heal derived at ~12; not stocked
  C8a    2.2478e-08   5.2902e-03   5.5388e+10   1.3713e+06  FABRICATED
       M2 η=1 N_med=6.184 → MeV ρ
       → M2 labels N_med,η fabricated; closes MeV by dial, not F-A2 from legal parts
  C8b    1.0000e+00   5.2902e-03   2.7986e-05   2.0560e+02  FABRICATED
       M2 η=1 N_med=-2.621 → late-Θ lock ρ
       → Magnitude lock by dialing N_med; honesty kill for F-A2 land

[3] Verdict assembly
  legal LANDs from stocked parts     = 0
  near-lock non-tautology non-fab    = 0
  tautologies (not laws)             = 1
  fabricated dials (M2 knobs)        = 2
  missing-input (Θ_lock)             = 1

[4] What residual still forces (honest)
  Either:
    (i)  derive Θ_heal ≳ 11.7 at re-entry from legal stress (not 0D O(1)), OR
    (ii) derive ρ_re / ρ_eff ∼ (H_kin/H_door)² from legal junction without N_med/η dial, OR
    (iii) write a different matching rule than H_kin = H_F(ρ) that is still acoustic-legal.
  Stocked parts supply neither (i) nor (ii). (iii) is N2 (match-book), not N1 alone.

SUMMARY_JSON_BEGIN
{
  "package": "n1_fa2_amplitude_20260804",
  "can_land_F_A2_from_stocked_parts": false,
  "medium_turn_0d": true,
  "c_s": 0.14795964842319909,
  "H_door_eV": 1.8943916024168856e-21,
  "H_kin_over_H_door_Theta1_d3": 0.08542423526860674,
  "H_kin_late_d3_over_H_door": 0.005290196892563965,
  "Theta_lock_door_d3": 11.706237653490552,
  "late_Theta": 0.061928525036595815,
  "overshoot_0d": 1.340428649038328,
  "rho_eff_1_4_eV": 2826.7896789853185,
  "rho_bounce_1_4_eV": 1059.230602083557,
  "rho_need_late_1_4_eV": 205.60298473326586,
  "rho_need_over_rho_eff": 2.798618316209343e-05,
  "n_candidates": 11,
  "n_lands": 0,
  "n_fabricated": 2,
  "n_tautology": 1,
  "grade_N1": "OPEN-BLOCKED",
  "obstruction_C": "stands",
  "bounce_closed": false,
  "cyclic_cosmology": false,
  "candidates": [
    {
      "id": "C0",
      "name": "\u03c1_re = \u03c1_eff (door)",
      "grade": "DEAD-as-law",
      "ratio_Hkin_over_HF": 0.005290196892563966,
      "rho_1_4_eV": 2826.7896789853185,
      "reason": "Identity, not a dynamical amplitude law; late \u0398 fails lock by ~190\u00d7"
    },
    {
      "id": "C1",
      "name": "\u03c1_re = \u03c1_bounce",
      "grade": "WRONG-OBJECT",
      "ratio_Hkin_over_HF": 0.037677128052224666,
      "rho_1_4_eV": 1059.230602083557,
      "reason": "Floor/ceiling PAID; not turn amplitude; still fails late-\u0398 lock"
    },
    {
      "id": "C2a",
      "name": "\u03c1_re = \u03c1_eff \u00b7 n_late",
      "grade": "DEAD-as-law",
      "ratio_Hkin_over_HF": 0.0064049560088302,
      "rho_1_4_eV": 2569.0427986290597,
      "reason": "n-scaling provisional; late n~O(1) does not supply 10\u00b2\u201310\u2075 suppression"
    },
    {
      "id": "C2b",
      "name": "\u03c1_re = \u03c1_bounce \u00b7 n_late",
      "grade": "WRONG-OBJECT",
      "ratio_Hkin_over_HF": 0.04561651534232445,
      "rho_1_4_eV": 962.6498818076441,
      "reason": "Floor\u00d7n still not F-A2; lock fails"
    },
    {
      "id": "C3",
      "name": "\u03c1_re = \u03c1_eff / overshoot",
      "grade": "DEAD-as-law",
      "ratio_Hkin_over_HF": 0.006124825033231896,
      "rho_1_4_eV": 2627.136096459205,
      "reason": "overshoot=1.34 only O(1); need ~10\u2074\u201310\u2075 for late-\u0398 lock"
    },
    {
      "id": "C4",
      "name": "\u03c1_re = 3 H_kin\u00b2 M_PL\u00b2/(8\u03c0)  [inverse]",
      "grade": "TAUTOLOGY",
      "ratio_Hkin_over_HF": 1.0000000000000002,
      "rho_1_4_eV": 205.60298473326586,
      "reason": "Always locks by construction; does not derive \u03c1_re from medium parts"
    },
    {
      "id": "C5",
      "name": "\u03c1_re = \u03c1_rad (door radiation)",
      "grade": "DEAD-as-law",
      "ratio_Hkin_over_HF": 1.9713834998646462,
      "rho_1_4_eV": 146.43465096362385,
      "reason": "Radiation alone at door; H_F smaller \u2014 check score; not a re-entry law"
    },
    {
      "id": "C6",
      "name": "\u03c1_re = \u03c1_eff with \u0398_heal=1 (optimistic)",
      "grade": "STILL-OPEN",
      "ratio_Hkin_over_HF": 0.08542423526860676,
      "rho_1_4_eV": 2826.7896789853185,
      "reason": "Best stocked \u0398 without inventing \u0398\u227312; ratio ~0.085 \u2260 1"
    },
    {
      "id": "C7",
      "name": "\u03c1_re = \u03c1_eff with \u0398=\u0398_lock\u224812 (required)",
      "grade": "MISSING_INPUT",
      "ratio_Hkin_over_HF": 0.9999963994220001,
      "rho_1_4_eV": 2826.7896789853185,
      "reason": "Would lock shear-door bookkeeping only if \u0398_heal derived at ~12; not stocked"
    },
    {
      "id": "C8a",
      "name": "M2 \u03b7=1 N_med=6.184 \u2192 MeV \u03c1",
      "grade": "FABRICATED",
      "ratio_Hkin_over_HF": 2.247839779529658e-08,
      "rho_1_4_eV": 1371345.03577958,
      "reason": "M2 labels N_med,\u03b7 fabricated; closes MeV by dial, not F-A2 from legal parts"
    },
    {
      "id": "C8b",
      "name": "M2 \u03b7=1 N_med=-2.621 \u2192 late-\u0398 lock \u03c1",
      "grade": "FABRICATED",
      "ratio_Hkin_over_HF": 1.0000000000000002,
      "rho_1_4_eV": 205.60298473326583,
      "reason": "Magnitude lock by dialing N_med; honesty kill for F-A2 land"
    }
  ]
}
SUMMARY_JSON_END

ASSERTS OK — N1 no land; obstruction C stands; no free-dial COMPLETE.
