==============================================================================
The quarter against the full roster — per-class ledger and bookkeeping
==============================================================================

   class              units   ratio S/(A/4G)   condition
   48 Weyl fermions      48    1, exact         none (no contact term)
   15 gauge bosons       30    1 with edge modes E: edge modes = horizon
                                               entropy (Donnelly–Wall)
   minimal scalars        4    1, exact         none (the §3 result)
   conformal Higgs      0      drops out       ξ = 1/6 is the corpus's own
                                               induced-G finiteness condition

   roster total: 82 units — of which UNCONDITIONAL 52 (63%),
   riding on condition E: 30 (37%).

VERDICT: the quarter SURVIVES the full roster at candidate grade,
   conditional on ONE modern-standard commitment — edge modes count
   as horizon entropy (the Donnelly–Wall identification of Kabat's
   contact term). Fermions and minimal scalars (63% of the roster's
   units) satisfy it unconditionally; the conformal Higgs drops out
   of both sides by the corpus's own finiteness condition; condition
   W (Wald-inclusive entropy for non-minimal content) is held in
   reserve for any future non-conformal scalar. KILL: rejecting
   edge-mode entropy — the gauge sector's 37% breaks the quarter.
==============================================================================
