==============================================================================
  #2 — THE PARITY-ODD CUBIC INVARIANT, AND WHAT arg b COSTS
==============================================================================

  P-A  C3 acts as phi -> phi + 2pi/3; reflection as phi -> -phi
  ok    P-A1 mass multiset invariant under phi -> phi + 2pi/3   max dev 1.11e-15
  ok    P-A2 mass multiset invariant under phi -> -phi (reflection)   max dev 8.88e-16

  P-B  with mu = 0 the ONLY stationary points are 3phi = 0, pi
  ok    P-B1 every stationary point has 3phi = 0 or pi   3phi values [0.0, 3.141593]
  ok    P-B2 this reproduces spec C6 from the symmetry action alone   the ring's own potential cannot reach 3phi = 2/3

  P-C  with mu != 0 every stationary point obeys tan(3phi) = mu/lambda
  ok    P-C1 tan(3phi) = mu/lambda at every stationary point   max dev 1.07e-14

  P-D  the numerical minimum matches the closed form
  ok    P-D1 argmin agrees with (delta + pi)/3   numeric 1.174033010  closed 1.174033010

  P-E  mu/lambda = tan(Q) puts a stationary point at arg b = 2/9
  ok    P-E1 a stationary point sits at arg b = 2/9   found 0.222222222  target 0.222222222
  ok    P-E2 the required coupling ratio is tan(Q) = tan(2/3)   mu/lambda = 0.7868429
  ok    P-E2b tan(2/3) reproduced from tan(1/3) by the double-angle identity   double-angle gives 0.786842889
  ok    P-E3 consistency: 3 * arg b = Q (the holonomy closure)   3 * 2/9 = 0.666666667 = Q

  P-F  ANTI-CONTROL: with mu = 0 the scan must NOT find 2/9
  ok    P-F1 no stationary point near 2/9 when parity is unbroken   closest stationary point is 0.2222 rad away

==============================================================================
  ALL CONTROLS PASS
==============================================================================

  WHAT IS ESTABLISHED

  C3 forces the potential's phi-dependence into the two cubic harmonics and
  nothing else. Reflection symmetry keeps only cos(3 phi), whose stationary points
  are 3 phi = 0 and pi -- spec C6's theorem, re-derived from the symmetry action
  (P-B). Allowing the parity-odd sin(3 phi) term with coefficient mu gives

      tan(3 * arg b) = mu / lambda                                        (P-C)

  and since the holonomy closure fixes 3 * arg b = Q, the Koide value requires

      mu / lambda = tan(Q) = tan(2/3) = 0.786843                          (P-E)

  WHAT IS *NOT* ESTABLISHED, STATED PLAINLY

  This does not derive arg b. It trades one unknown for another: an unsourced
  angle becomes a ratio of two cubic couplings. The new unknown is better only
  because it lives in a Lagrangian, where it can be computed once the couplings
  are, rather than being a bare number with nowhere to come from.

  THE ONE HARD CONSEQUENCE, WHICH IS A REAL EXCLUSION

  The sin(3 phi) term is odd under reflection. A reflection-symmetric background
  CANNOT generate it, at any order, with any coupling strength -- the anti-control
  (P-F) confirms the phase stays pinned to 0 or pi when mu = 0. So the external
  object that spec C6 demands must be CHIRAL. This is a genuine filter on the
  owner's three-seed candidate and on any other proposal: if the seeds' imprint is
  reflection symmetric, it cannot supply arg b however it is coupled.

  It also connects two previously separate parts of the corpus: the model already
  carries a definite handedness in its winding sector, which is exactly the kind
  of object that can source a parity-odd invariant. Whether THAT chirality has the
  right magnitude is a separate computation and is NOT claimed here.

