
------------------------------------------------------------------------------
1. THE -3*eps SCALING OF THE COMPTON HEATING RATE (verified, not assumed)
------------------------------------------------------------------------------
  sigma_T = (8pi/3)(alpha hbar/(m_e c))^2 = 6.652459e-29 m^2
  CODATA sigma_T                          = 6.652459e-29 m^2
  agreement                               = -0.0000 %
  => sigma_T ~ alpha^2 / m_e^2  (both explicit in the expression)

  Gamma_C = (8 sigma_T a_r T_CMB^4)/(3 m_e c) * x_e/(1+f_He+x_e)
          ~ (alpha^2/m_e^2) * (1/m_e) = alpha^2 / m_e^3
  => d ln Gamma_C / d ln m_e = -3  =>  Gamma_C -> Gamma_C*(1+eps)^-3

  the model's own C source agrees, independently:
    source/thermodynamics.c:2612  rescale_rate = alpha*alpha/me/me/me;
    source/thermodynamics.c:2714  rate_gamma_b *= rescale_rate;
    source/thermodynamics.c:91    sigmaTrescale = alpha*alpha/me/me;
    source/thermodynamics.c:3988  rescale_rhs   = alpha^3*me^3   (recombination
                                  RHS -- so x_e is modified too, not held fixed)

  eps = 27*alpha/(5*pi) = 0.012543225  (1.2543 %)
  -3*eps                = -0.037629675  (-3.7630 %)
  exact (1+eps)^-3 - 1  = -0.036705050  (-3.6705 %)

------------------------------------------------------------------------------
2. THE DYAD WINDOW AS THE CODE BUILDS IT
------------------------------------------------------------------------------
  low edge  z_tr   = 50.0     (cmp_prtoe_fixed.yaml:52)
  edge fade width  = 0.25    (cmp_prtoe_fixed.yaml:53; dyad_ev has none -> step)
  high edge z_high = 7.620e+08 (docs/PRTOE_CODE_MANIFEST.md:99, from T_c = 179 keV)
            ...but varying_z_high is set in NO config (CODE_MANIFEST:112) so the
            C default 0 disables the branch: f_high = 1 at every z.
    z =    17.0   m_e/m_e0: step 1.00000000   fade(0.25) 1.00000302   fade+z_high 1.00000302
    z =    30.0   m_e/m_e0: step 1.00000000   fade(0.25) 1.00022947   fade+z_high 1.00022947
    z =    50.0   m_e/m_e0: step 1.00000000   fade(0.25) 1.00627161   fade+z_high 1.00627161
    z =   100.0   m_e/m_e0: step 1.01254323   fade(0.25) 1.01249043   fade+z_high 1.01249043
    z =   150.0   m_e/m_e0: step 1.01254323   fade(0.25) 1.01254110   fade+z_high 1.01254110
    z =  1100.0   m_e/m_e0: step 1.01254323   fade(0.25) 1.01254323   fade+z_high 1.01254321
  => the registered z_high = 7.62e8 is ~10^5 x above recombination: it is
     numerically irrelevant over 10 < z < 1000.  The window COVERS
     recombination, so x_e is shifted as well as the Compton rate.

------------------------------------------------------------------------------
3. CLASS RUNS (the RECFAST-class thermal history, run by CLASS itself)
------------------------------------------------------------------------------
  Y_p(model, m_e = 1.012543) = 0.249396   (cmp_prtoe_fixed.yaml:72 lambda)
  Y_p(control, m_e = 1)      = 0.247269
  primary comparison holds Y_p FIXED at the model value so that only m_e moves.

  recombination + freeze-out, from CLASS:
           z      x_e std      x_e mod      d x_e
        1500 9.544983e-01 9.361631e-01    -1.921%
        1100 1.450257e-01 1.278201e-01   -11.864%
         800 3.552187e-03 3.225379e-03    -9.200%
         500 6.792598e-04 6.715050e-04    -1.142%
         300 4.133644e-04 4.129438e-04    -0.102%
         150 3.035128e-04 3.044003e-04    +0.292%
         100 2.718258e-04 2.728741e-04    +0.386%
          50 2.372738e-04 2.383285e-04    +0.445%
          17 2.055960e-04 2.062438e-04    +0.315%

------------------------------------------------------------------------------
4. VALIDATION: hand integrator vs CLASS's own Tb, standard run
------------------------------------------------------------------------------
           z     CLASS Tb     this ODE       diff
        20.0      9.26911      9.26896    -0.002%
        30.0     19.73454     19.73418    -0.002%
        50.0     50.49236     50.49181    -0.001%
        75.0    103.36575    103.36374    -0.002%
       100.0    167.24234    167.24002    -0.001%
       150.0    312.42601    312.42433    -0.001%
       200.0    465.77902    465.77678    -0.000%
       250.0    619.05953    619.05787    -0.000%
       300.0    769.73893    769.73726    -0.000%

  max |ODE/CLASS - 1| over 20 < z < 300 = 0.004 %
  VALIDATION PASSES (target: a few percent)

------------------------------------------------------------------------------
5. z_dec AND THE GAS TEMPERATURE, standard vs modified
------------------------------------------------------------------------------
    run                            z_dec(G=H) z_dec(1% dT)
    standard                          123.957      534.556
    mod: rate only (x_e fixed)        125.662      539.294
    mod: self-consistent x_e          125.508      541.293
      mod: rate only (x_e fixed)  d(1+z_dec)/(1+z_dec):  +1.364% (G=H)    +0.885% (1% dT)
      mod: self-consistent x_e    d(1+z_dec)/(1+z_dec):  +1.241% (G=H)    +1.258% (1% dT)

  gas temperature:
           z      Tg std     Tg rate         d    Tg selfc         d
        17.0     6.85155     6.78266   -1.006%     6.79131   -0.879%
        20.0     9.26896     9.17509   -1.013%     9.18670   -0.888%
        25.0    14.05117    13.90693   -1.026%    13.92422   -0.903%
        30.0    19.73418    19.52855   -1.042%    19.55231   -0.922%
        40.0    33.60723    33.24629   -1.074%    33.28456   -0.960%
        50.0    50.49181    49.94287   -1.087%    49.99640   -0.981%
        75.0   103.36374   102.33807   -0.992%   102.42583   -0.907%
       100.0   167.24002   165.81165   -0.854%   165.92051   -0.789%
       150.0   312.42433   310.52495   -0.608%   310.62849   -0.575%
       200.0   465.77678   463.80949   -0.422%   463.86373   -0.411%

------------------------------------------------------------------------------
6. THE TROUGH DEPTH  (T_s -> T_g, strong Lyman-alpha coupling)
------------------------------------------------------------------------------
  depth ratio = [1 - T_CMB/T_g^mod] / [1 - T_CMB/T_g^std]
           z      T_CMB     Tg std      rate-only self-consistent
        14.0    40.8825    4.78488       +1.143%        +0.996%
        15.0    43.6080    5.43422       +1.155%        +1.007%
        17.0    49.0590    6.85155       +1.181%        +1.031%
        18.0    51.7845    7.61885       +1.194%        +1.043%
        20.0    57.2355    9.26896       +1.221%        +1.069%
        25.0    70.8630   14.05117       +1.294%        +1.137%
        30.0    84.4905   19.73418       +1.374%        +1.214%

  AT THE TROUGH z = 17:
    T_CMB                     =   49.05900 K
    T_g standard              =    6.85155 K
    T_g modified (rate only)  =    6.78266 K  (-1.0055%)
    T_g modified (self-cons.) =    6.79131 K  (-0.8792%)

    depth ratio, rate-only        = 1.01181  ->  +1.181 % DEEPER
    depth ratio, self-consistent  = 1.01031  ->  +1.031 % DEEPER
    depth ratio, CLASS Tb direct  = 1.01031  ->  +1.031 % DEEPER (fade edge)
    depth ratio, CLASS Tb direct  = 1.01044  ->  +1.044 % DEEPER (step edge)

------------------------------------------------------------------------------
7. THE SPIN-TEMPERATURE CAVEAT
------------------------------------------------------------------------------
  T_s^-1 = (T_CMB^-1 + x_tot T_g^-1)/(1 + x_tot)  gives
      1 - T_CMB/T_s = [x_tot/(1+x_tot)] * (1 - T_CMB/T_g)
  The prefactor x_tot/(1+x_tot) is common to both runs and CANCELS in the
  ratio, PROVIDED x_tot is not itself a function of T_g.  At cosmic dawn the
  coupling is Lyman-alpha (Wouthuysen-Field), set by the stellar background,
  not by T_g -- so the ratio above holds at ANY coupling strength, and the
  registry's claim is the T_s -> T_g (strong-coupling) reading of it.
  The residue is the COLLISIONAL part x_c(T_g): a colder gas has a smaller
  collisional de-excitation rate, which pushes the ratio back toward 1.  At
  z ~ 17 collisional coupling is subdominant (x_c << x_alpha), so this is a
  de-rating of the number below, never a sign flip.

  amplification T_CMB/T_g / (T_CMB/T_g - 1) at z = 17  = 1.1623
  (i.e. a 1% colder gas gives a 1.162% deeper trough)

------------------------------------------------------------------------------
8. REPRODUCING THE REGISTERED CRUDE CHAIN (does it give 4.6%?)
------------------------------------------------------------------------------
  registry chain: Gamma_C ~ 1/m_e^3  ->  -3 eps  ->  decoupling 3.8% earlier
                  ->  gas 3.8% colder  ->  trough 4.6% deeper

  step 1:  -3 eps = -3.7630 %   -> the registry's '3.8%' is exactly 3 eps.  OK.

  step 2:  '3.8% earlier decoupling' equates d ln Gamma_C directly with
           d ln(1+z_dec).  That skips the response slope.  Gamma_C/H ~
           (1+z)^4 x_e / (1+z)^{3/2}, so the true shift is
             d ln(1+z_dec) = 3 eps / |d ln(Gamma_C/H) / d ln(1+z)|.
           measured slope at z_dec = 123.957 :  d ln(Gamma_C/H)/d ln(1+z) = 2.7576
           => d ln(1+z_dec) = 3.7630% / 2.7576 = 1.3646 %  (not 3.76 %)
           integrated answer above: +1.3637 %

  step 3:  'gas 3.8% colder'.  After decoupling T_g ~ (1+z)^2/(1+z_dec), so a
           +d% shift in (1+z_dec) is a -d% shift in T_g -- IF decoupling were
           sharp.  It is not: residual Compton coupling below z_dec keeps
           re-heating the gas and erases part of the shift.
           integrated T_g shift at z = 17: -1.0055 % (rate only), -0.8792 % (self-cons.)

  step 4:  the depth amplification.  With x = T_CMB/T_g,
             ratio = (x(1+d) - 1)/(x - 1).
           registry's 3.8% with this run's T_g(17) = 6.852 K -> +4.417 % deeper
           to land on the registered 4.6% you need x = T_CMB/T_g = 5.750,
           i.e. T_g(17) = 8.532 K.  This run gets T_g(17) = 6.852 K (x = 7.160).

  VERDICT ON THE 4.6%: the amplification step is right (~1.16-1.21x); the
  chain's error is step 2+3 -- it charged the full 3 eps to the gas
  temperature.  The response slope divides it by ~2.8 and residual Compton
  coupling erodes it further.

------------------------------------------------------------------------------
9. SENSITIVITIES
------------------------------------------------------------------------------
  Y_p also moved with m_e (config lambda): depth ratio +0.948 % (vs +1.031 % at fixed Y_p)
  model vs the LCDM control config (cmp_lcdm.yaml, different omega_b/H0 too):
      T_g(17) LCDM = 6.88701 K, model = 6.79141 K -> depth ratio +1.638 %
      (this mixes the m_e effect with the fit's omega_b/H0 differences; the
       m_e-only number above is the one P-2026-043's mechanism owns.)
  trough redshift: depth ratio is +1.155 % at z = 15, +1.221 % at z = 20

------------------------------------------------------------------------------
10. ANSWER
------------------------------------------------------------------------------
  SIGN: the modified gas is COLDER at every z below decoupling and the trough
        is DEEPER.  The registered sign HOLDS.

  COMPUTED DEPTH, z = 17, T_s -> T_g:
      +1.03 % deeper  (CLASS thermodynamics, fade edge, the headline number)
      +1.04 % deeper  (CLASS thermodynamics, legacy step edge)
      +1.03 % deeper  (independent ODE, self-consistent x_e)
      +1.18 % deeper  (independent ODE, rate effect only, x_e frozen)

  vs the registered estimate of +4.6 % -> the registry is HIGH by ~4.5x.
  The prediction survives in SIGN and dies in MAGNITUDE: it is a ~1% effect,
  not a ~5% effect.
