desk_compute_all_safe: 101 jobs → /home/themilkmanj/prtoe_class/docs/working_logs/_runs/desk_compute_full_20260804
[1/101] bbn_eps ...
    exit=0 status=ok t=0.13s
[2/101] supertrace_k1 ...
    exit=0 status=ok t=0.2s
[3/101] area_law_quarter ...
    exit=0 status=ok t=0.205s
[4/101] tau_parseval ...
    exit=0 status=ok t=0.26s
[5/101] rho_bounce ...
    exit=0 status=ok t=0.128s
[6/101] fbar_lo ...
    exit=0 status=ok t=0.123s
[7/101] fbar_cw_lo ...
    exit=0 status=ok t=3.367s
[8/101] fbar_window ...
    exit=0 status=ok t=0.172s
[9/101] fbar_envelope ...
    exit=0 status=ok t=25.202s
[10/101] bounce_averaging_decomposition ...
    exit=0 status=ok t=8.991s
[11/101] bounce_bkl_stiff_check ...
    exit=0 status=ok t=47.134s
[12/101] bounce_electron_contact ...
    exit=0 status=ok t=0.159s
[13/101] bounce_fa1_transphononic_table ...
    exit=0 status=ok t=0.123s
[14/101] bounce_fa3_hcross_attempt ...
    exit=0 status=ok t=0.723s
[15/101] bounce_floor_frw_nogo ...
    exit=0 status=ok t=0.097s
[16/101] bounce_handover_sign ...
    exit=0 status=ok t=0.102s
[17/101] bounce_m1_shear_xi ...
    exit=0 status=ok t=0.154s
[18/101] bounce_m2_junction ...
    exit=0 status=ok t=0.996s
[19/101] bounce_m2b_mixmaster_nmed ...
    exit=0 status=ok t=0.143s
[20/101] bounce_m4_arrow_boundary ...
    exit=0 status=ok t=0.086s
[21/101] bounce_m5_exotic_fluid ...
    exit=0 status=ok t=0.087s
[22/101] bounce_m6_rebound_1d ...
