[scan] LCDM reference...
[scan] PRTOE xi=1.0e-05_g3=1.0e-01 ...
[scan]   FAILED: 

Error in Class: Class did not read input parameter(s): use_prtoe, xi_prtoe, g3_prtoe, Omega0_prtoe

[scan] PRTOE xi=1.0e-04_g3=1.0e-01 ...
[scan]   FAILED: 

Error in Class: Class did not read input parameter(s): use_prtoe, xi_prtoe, g3_prtoe, Omega0_prtoe

[scan] PRTOE xi=1.0e-03_g3=1.0e-01 ...
[scan]   FAILED: 

Error in Class: Class did not read input parameter(s): use_prtoe, xi_prtoe, g3_prtoe, Omega0_prtoe

[scan] PRTOE xi=1.0e-02_g3=1.0e-01 ...
[scan]   FAILED: 

Error in Class: Class did not read input parameter(s): use_prtoe, xi_prtoe, g3_prtoe, Omega0_prtoe

[scan] PRTOE xi=1.0e-01_g3=1.0e-01 ...
[scan]   FAILED: 

Error in Class: Class did not read input parameter(s): use_prtoe, xi_prtoe, g3_prtoe, Omega0_prtoe

[scan] PRTOE xi=1.0e+00_g3=1.0e-01 ...
[scan]   FAILED: 

Error in Class: Class did not read input parameter(s): use_prtoe, xi_prtoe, g3_prtoe, Omega0_prtoe

[scan] PRTOE xi=1.0e-05_g3=1.0e+00 ...
[scan]   FAILED: 

Error in Class: Class did not read input parameter(s): use_prtoe, xi_prtoe, g3_prtoe, Omega0_prtoe

[scan] PRTOE xi=1.0e-04_g3=1.0e+00 ...
[scan]   FAILED: 

Error in Class: Class did not read input parameter(s): use_prtoe, xi_prtoe, g3_prtoe, Omega0_prtoe

[scan] PRTOE xi=1.0e-03_g3=1.0e+00 ...
[scan]   FAILED: 

Error in Class: Class did not read input parameter(s): use_prtoe, xi_prtoe, g3_prtoe, Omega0_prtoe

[scan] PRTOE xi=1.0e-02_g3=1.0e+00 ...
[scan]   FAILED: 

Error in Class: Class did not read input parameter(s): use_prtoe, xi_prtoe, g3_prtoe, Omega0_prtoe

[scan] PRTOE xi=1.0e-01_g3=1.0e+00 ...
[scan]   FAILED: 

Error in Class: Class did not read input parameter(s): use_prtoe, xi_prtoe, g3_prtoe, Omega0_prtoe

[scan] PRTOE xi=1.0e+00_g3=1.0e+00 ...
[scan]   FAILED: 

Error in Class: Class did not read input parameter(s): use_prtoe, xi_prtoe, g3_prtoe, Omega0_prtoe

[scan] PRTOE xi=1.0e-05_g3=1.0e+01 ...
[scan]   FAILED: 

Error in Class: Class did not read input parameter(s): use_prtoe, xi_prtoe, g3_prtoe, Omega0_prtoe

[scan] PRTOE xi=1.0e-04_g3=1.0e+01 ...
[scan]   FAILED: 

Error in Class: Class did not read input parameter(s): use_prtoe, xi_prtoe, g3_prtoe, Omega0_prtoe

[scan] PRTOE xi=1.0e-03_g3=1.0e+01 ...
[scan]   FAILED: 

Error in Class: Class did not read input parameter(s): use_prtoe, xi_prtoe, g3_prtoe, Omega0_prtoe

[scan] PRTOE xi=1.0e-02_g3=1.0e+01 ...
[scan]   FAILED: 

Error in Class: Class did not read input parameter(s): use_prtoe, xi_prtoe, g3_prtoe, Omega0_prtoe

[scan] PRTOE xi=1.0e-01_g3=1.0e+01 ...
[scan]   FAILED: 

Error in Class: Class did not read input parameter(s): use_prtoe, xi_prtoe, g3_prtoe, Omega0_prtoe

[scan] PRTOE xi=1.0e+00_g3=1.0e+01 ...
[scan]   FAILED: 

Error in Class: Class did not read input parameter(s): use_prtoe, xi_prtoe, g3_prtoe, Omega0_prtoe

[scan] written chains/forecast_scan_results.json
[scan] No point in the wedge exceeds survey precision — constraint-paper territory.
