environment: Delta at 10/50/100/250/500/1000/2000 kpc = 184248.3   8026.6   1445.7    120.4     17.4      3.1      1.3 

 C_ref   s | r_gate [kpc] | ring FWHM [kpc] | peak a_star |  peak/a0 | v2 boost (km/s)^2 @peak
----------------------------------------------------------------------------------------------------
     3   2 |       1024.5 |           631.5 |   1.141e-11 |     0.10 |               302860.4
     3   4 |       1024.5 |           399.4 |   2.014e-11 |     0.17 |               601006.1
     3   8 |       1024.5 |           216.0 |   3.858e-11 |     0.32 |              1201685.6
    10   2 |        614.1 |           370.0 |   2.240e-11 |     0.19 |               387845.2
    10   4 |        614.1 |           192.4 |   4.300e-11 |     0.36 |               793663.0
    10   8 |        614.1 |            91.4 |   8.485e-11 |     0.71 |              1599959.6
    30   2 |        410.5 |           237.8 |   3.488e-11 |     0.29 |               411119.6
    30   4 |        410.5 |           124.6 |   6.788e-11 |     0.57 |               844002.4
    30   8 |        410.5 |            60.9 |   1.342e-10 |     1.12 |              1686079.0
   100   2 |        267.1 |           158.7 |   5.354e-11 |     0.45 |               416052.3
   100   4 |        267.1 |            81.3 |   1.046e-10 |     0.87 |               848314.8
   100   8 |        267.1 |            39.8 |   2.072e-10 |     1.73 |              1698521.5
   300   2 |        179.9 |           108.2 |   7.788e-11 |     0.65 |               407700.1
   300   4 |        179.9 |            54.8 |   1.523e-10 |     1.27 |               832132.1
   300   8 |        179.9 |            26.8 |   3.019e-10 |     2.52 |              1667025.9
  1000   2 |        115.1 |            72.3 |   1.170e-10 |     0.97 |               391018.0
  1000   4 |        115.1 |            37.4 |   2.288e-10 |     1.91 |               798157.0
  1000   8 |        115.1 |            18.4 |   4.532e-10 |     3.78 |              1597993.3

invariant: total integral  ∫a dr = c^2 f_lep eps0 = 3.059e+11 m^2/s^2 (stars) = (553 km/s)^2 ; gas x1.98
composition split: a_gas/a_star = 1.98 everywhere on the ring
