==============================================================================
bounce_rpA_scaffold — RP-A equations, matching, O1–O8 self-check
==============================================================================

[0] Dead engines (do not reopen)
  T=Tc thermal, CSW-as-FRW, barotropic dCDF, exotic X stocked,
  BH/magnetar sole engine, magnetic flip — all FAIL as turn sources.
  Homogeneous vac+rad: H=0 reachable=True, ρ+p=1.3333 > 0 ⇒ Ḣ<0 (turnaround ≠ bounce)
  Aero target only: negative stiff X would give ρ+p=-0.6667 < 0 — M5: no native part stocks it

[1] Phase I — door (legal GR + shear)
  Σ0 = 1e-5 (CMB-class)
  a_loc = 1.6331e-06
  R_H/ξ = 1.7320  (√3=1.7321 shear-dom target)
  Σ_loc = 1.7320
  T_rad ~ 146.43 eV,  T_eff ~ 2826.79 eV
  ρ_eff/ρ_bounce = 5.072e+01

[2] Phase II — medium rebound ODEs (0D toy of M6)
  n0=  3.0 Θ0= -1.0 → n_pk=  3.55 ×1.18 t_turn= 0.31 Θ_f=-0.198 turn=YES
  n0=  6.0 Θ0= -2.0 → n_pk=  8.04 ×1.34 t_turn= 0.25 Θ_f=-0.302 turn=YES
  n0= 11.0 Θ0= -2.0 → n_pk= 12.66 ×1.15 t_turn= 0.13 Θ_f=-0.343 turn=YES
  synthetic averaging: ⟨Θ⟩=+1.7805e-02  Var=3.2033e-03  stress=+2.3125e-02  net_rhs=+1.9604e-02
  (stress channel is the homogeneity-killed drive; must be ≠0 for turn)

[3] Phase III — matching rules
  F-A1 exit map      [half-machined]
    g_μν |_{σ=1/ξ}  →  (n, v) via preferred-frame acoustic inversion
    note: Slice fixed by condensate rest frame; SM crossing open
  F-A2 medium law    [legal-form / reconstructed amplitude]
    i∂tψ = −½∇²ψ + (|ψ|²−1)ψ ;  n bound by repulsive quartic
    note: GPE form legal; cosmological N_med not derived (overshoot O(1) in 1D)
  F-A3 re-entry      [reconstructed]
    ⟨Θ⟩>0  ∧  ℓ_grad ≳ ξ  ⇒  expand FRW with H_re = +√(8πG ρ_re/3)
    note: H>0 declared by branch choice when medium expansion turns — not ρ+p<0
  F-A4 door clock    [computed]
    σ = 1/ξ  (local);  R_H/ξ → √3 in shear domination
    note: M1+M2; mixmaster ~6 e-folds isotropic / ≲2 directional
  F-A5 achronal hold [reconstructed]
    Δt_hold ≥ δ_max · R_H(door)/6  (or exhibit re-sync)
    note: M4; softens under two-scale continuous-metric reading
  O6 budget (legal)  [legal channels underfund]
    T_reheat from door ρ_eff  OR  SM bath adiabatics T∝1/a
    note: Door T_eff~keV; 1D overshoot O(1); needs F~10^9–10^11 or genesis cascade

  F-A3 re-entry numbers:
    legal (N_med=0): H_re=1.894e-21  T_reh=2.061e+03 eV  MeV? False
    knob  (N_med=6.2): T_reh=1.016 MeV  MeV? True  [FABRICATED]

[4] Outer workings O1–O8 self-check
  ID   status    name / detail
  ------------------------------------------------------------------------
  O1   PASS      finite density bound
       ρ_bounce^(1/4)=1.059e+03 eV; medium n bounded by repulsive GPE
  O2   PARTIAL   turn H:−→0→+ or written replacement
       medium ⟨Θ⟩ turn yes (toy); H_re>0 by F-A3 matching declaration; no legal homogeneous ρ+p<0
  O3   PASS      not live barotropic dCDF as turn
       RP-A leaves homogeneous FRW; dCDF not used as ρ_X
  O4   PASS      not CSW ceiling as homogeneous bounce
       ρ_bounce is medium bound / core ceiling; turn is gradient-stress, not FRW min a(t)
  O5   PASS      not thermal T=Tc as geometry turn
       ρ_rad(Tc)/ρ_bounce=2.764e+09; melt ≠ turn (thermal_crossing_nogo)
  O6   FAIL      MeV-class hot start
       legal T_reh=2.061e+03 eV (keV-class); MeV only with fabricated N_med≳6.2 → T=1.02 MeV — not legal parts
  O7   PARTIAL   BKL / shear survival
       isotropic N_mix~6.3; directional door ≲2 e-folds / 0–1 squeeze (o7 script); survival = handoff joints, not free chaos survival proof
  O8   PASS      no local time-reversed horizon as engine
       non-metric / hydro-exit hinge; re-entry is beginning cap not reverse patch (M4)

==============================================================================
PROPOSED GRADE:  RECONSTRUCTED CANDIDATE
==============================================================================
  RP-A equations + matching written; O2 PARTIAL (medium turn + F-A3 declaration); O6 FAIL on legal parts; O7 PARTIAL. Not OEM / not derived.

  Equations that EXIST in this scaffold:
    • Phase I: H² = 8πGρ/3 + σ²/3 ; σ∝a^{-3} ; door σ=1/ξ
    • Phase II: ṅ=−nΘ ; Θ̇=−Θ²+κ(n−1)−γΘ  (0D stand-in for GPE rebound)
    • Averaging: d⟨Θ⟩/dt = −⟨Θ⟩² − Var + Stress  (stress = inhomog. only)
    • Phase III: F-A1…F-A5 matching rules written with status labels

  What still BLOCKS DERIVED:
    • O2: no legal homogeneous ρ+p<0; H_re>0 is matching-declared
    • O6: legal door budget keV-class; MeV needs fabricated N_med or
          unresolved spherical F≳10^9 or genesis-cascade funding
    • O7: mixmaster handoff not a full survival theorem
    • F-A1 SM-sector crossing; F-A2 cosmological amplitude law

  What is NOT claimed:
    cyclic cosmology derived; FRW bounce from stocked fluids;
    N_med=1/c_s identity; DE-scale ghost as X.
==============================================================================
