# Package audit — `papers/*/` (2026-08-04)

Generated by `scripts/arxiv_package_audit.py` from repo root `/home/themilkmanj/prtoe_class`.

Checks per package folder:

- **tar contents** — members of `*.tar.gz` (prefer `<name>.tar.gz`)
- **PRTOE in tex** — any `PRTOE` substring under `*.tex`
- **`note=` in refs.bib** — live BibTeX note fields (apsrev typesets them)
- **`\bibinfo{note}` in bbl** — shipped note leakage
- **pages** — `pdfinfo` on `main.pdf` (falls back to `main.log`)

## Summary table

| package | pages | tarball | tar contents | PRTOE in tex | `note=` in refs.bib | `\bibinfo{note}` in bbl |
|---|---:|---|---|---|---|---|
| `bbn-eps-bound` | 3 | `bbn-eps-bound.tar.gz` | main.tex, recompute_eps_bound.py | none | n/a (no refs.bib) | n/a (no .bbl) |
| `fairbank-0nubb` | — (no main.pdf) | `—` | — (no tarball) | none | n/a (no refs.bib) | n/a (no .bbl) |
| `kination-tracking-note` | 2 | `kination-tracking-note.tar.gz` | main.tex | none | n/a (no refs.bib) | n/a (no .bbl) |
| `lattice-tc-gap` | 2 | `lattice-tc-gap.tar.gz` | ./main.tex | none | n/a (no refs.bib) | n/a (no .bbl) |
| `neutrino-mbb` | 3 | `neutrino-mbb.tar.gz` | ./main.bbl, ./main.tex | none | none | none |
| `radio-lattice` | 7 | `radio-lattice.tar.gz` | ./main.bbl, ./main.tex | none | none | none |
| `supertrace-note` | 3 | `supertrace-note.tar.gz` | ./main.tex | none | n/a (no refs.bib) | none |

## Per-package detail

### `bbn-eps-bound`

- path: `papers/bbn-eps-bound/`
- main.tex present: **yes**
- main.pdf pages: **3**
- tarball: `bbn-eps-bound.tar.gz`
- tar members:
  - `main.tex`
  - `recompute_eps_bound.py`
- PRTOE in tex: **none**
- `note=` in refs.bib: n/a (no refs.bib)
- `\bibinfo{note}` in bbl: n/a (no .bbl)

### `fairbank-0nubb`

- path: `papers/fairbank-0nubb/`
- main.tex present: **no**
- main.pdf pages: **— (no main.pdf)**
- tarball: `—`
- tar members: *(none / missing)*
- PRTOE in tex: **none**
- `note=` in refs.bib: n/a (no refs.bib)
- `\bibinfo{note}` in bbl: n/a (no .bbl)

### `kination-tracking-note`

- path: `papers/kination-tracking-note/`
- main.tex present: **yes**
- main.pdf pages: **2**
- tarball: `kination-tracking-note.tar.gz`
- tar members:
  - `main.tex`
- PRTOE in tex: **none**
- `note=` in refs.bib: n/a (no refs.bib)
- `\bibinfo{note}` in bbl: n/a (no .bbl)

### `lattice-tc-gap`

- path: `papers/lattice-tc-gap/`
- main.tex present: **yes**
- main.pdf pages: **2**
- tarball: `lattice-tc-gap.tar.gz`
- tar members:
  - `./main.tex`
- PRTOE in tex: **none**
- `note=` in refs.bib: n/a (no refs.bib)
- `\bibinfo{note}` in bbl: n/a (no .bbl)

### `neutrino-mbb`

- path: `papers/neutrino-mbb/`
- main.tex present: **yes**
- main.pdf pages: **3**
- tarball: `neutrino-mbb.tar.gz`
- tar members:
  - `./main.bbl`
  - `./main.tex`
- PRTOE in tex: **none**
- `note=` in refs.bib: **none**
- `\bibinfo{note}` in bbl: **none**

### `radio-lattice`

- path: `papers/radio-lattice/`
- main.tex present: **yes**
- main.pdf pages: **7**
- tarball: `radio-lattice.tar.gz`
- tar members:
  - `./main.bbl`
  - `./main.tex`
- PRTOE in tex: **none**
- `note=` in refs.bib: **none**
- `\bibinfo{note}` in bbl: **none**

### `supertrace-note`

- path: `papers/supertrace-note/`
- main.tex present: **yes**
- main.pdf pages: **3**
- tarball: `supertrace-note.tar.gz`
- tar members:
  - `./main.tex`
- PRTOE in tex: **none**
- `note=` in refs.bib: n/a (no refs.bib)
- `\bibinfo{note}` in bbl: **none**

## Hygiene rollup

- package folders scanned: **7**
- with main.tex (or submission/main.tex): **6**
- clean for PRTOE / note-field / tarball presence: **6** / 6

All TeX packages pass PRTOE / note-field greps and have a tarball.

*End of audit (2026-08-04).*

Wrote /home/themilkmanj/prtoe_class/docs/working_logs/_PACKAGE_AUDIT.md
