========================================================================
c_chop from transverse reconnection kinematics (A1 residual)
========================================================================

(0) Recorded inputs (no A_s on the prediction side):
  d = 3  (spatial; same d as α_c = d·α)
  d_⊥ = d − 1 = 2  (line defect = codimension-2 in R³ — forced)
  ε = 1.254323e-02,  ε² = 1.573325e-04,  ε⁴ = k_mom = 2.475351e-08
  ⟨|sin θ|⟩ (isotropic lines in 3D) = π/4 = 0.785398
  external referee only: f(r=1) closed = 2.205824e-04, meas = 2.212635e-04

(1) Codimension / transverse phase space (theorem half):
  Vortex worldsheet is 1+1 dimensional; transverse space is R^{d_⊥}.
  Loop production = reconnection of two segments approaching in the
  transverse plane. The integer count of independent transverse
  directions is d_⊥ = 2.
  Solid-angle ratio Ω(S^{d_⊥−1}) / Ω(S^{d−1}) = 2π/4π = 1/2 is a
  *reduction* of bare 3D direction measure — it does NOT by itself
  produce an enhancement factor 2. The factor 2 is the *dimension*
  of the transverse plane, not a solid-angle ratio.

(2) Microscopic → VOS map:
  ρ̇|_chop = − c_chop μ v / ξ³     (VOS definition)
  ṅ_int   ~ v / ξ⁴                (one-scale meetings)
  energy removed per loop-forming reconnection ~ μ α ξ
  ⇒ c_chop = C_geom · p · α · f_ℓ

  Forced on the overdamped PRTOE branch:
    p   = 1   continuum superfluid vortices always reconnect
    α   = 1   one-scale: only length is ξ (no α≪1 cascade)
    f_ℓ = 1   one-scale self-similarity (order-unity loop fraction)
  ⇒ c_chop = C_geom

(3) First-principles C_geom estimates (no A_s):
  estimate                                   C_geom           γ*   γ*/f_ref   A_s/meas
  L: bare unit (C=1)                         1.0000   1.5733e-04     0.7133     0.3595
  S: ⟨|sin θ|⟩ = π/4                         0.7854   1.3943e-04     0.6321     0.2502
  A: d_⊥ × ⟨|sin θ|⟩ = π/2                   1.5708   1.9719e-04     0.8939     0.7078
  T: d_⊥ (transverse DOF, primary)           2.0000   2.2250e-04     1.0087     1.0169
  B: 2⟨|sin θ|⟩ binary×angle                 1.5708   1.9719e-04     0.8939     0.7078

(4) Why primary is T (c_chop = d_⊥), not S or A:
  • VOS already feeds the RMS segment speed v into ξ̇ = ½ c v.
    Orientation is inside that average. Multiplying by ⟨|sin θ|⟩
    again double-counts angles → reject S as the full answer.
  • A = d_⊥·⟨|sin θ|⟩ reintroduces the same double-count on top of
    the DOF factor; keep as a sensitivity check only.
  • T = d_⊥ counts independent transverse approach channels once,
    matches the unique integer geometric invariant of the embedding,
    and is the non-double-counting closure.
  • L = 1 is the coefficient-free floor (Route L); right scale,
    missing the transverse channel count.

(5) Robustness band (does Route T structure survive O(1) variation?):
    c_chop           γ*     γ*/γ_T   γ*/f_ref   A_s/meas
    0.5000   1.1125e-04     0.5000     0.5044     0.1271
    1.0000   1.5733e-04     0.7071     0.7133     0.3595  <- Route L floor
    1.5708   1.9719e-04     0.8862     0.8939     0.7078  <- π/2 sensitivity
    1.5000   1.9269e-04     0.8660     0.8736     0.6605
    2.0000   2.2250e-04     1.0000     1.0087     1.0169  <- Route T
    2.5000   2.4876e-04     1.1180     1.1278     1.4211
    3.0000   2.7251e-04     1.2247     1.2354     1.8681
    4.0000   3.1466e-04     1.4142     1.4265     2.8762

  Natural kinematic interval c_chop ∈ [π/2, d_⊥] = [1.5708, 2.0000]:
    γ*/f_ref ∈ [0.8939, 1.0087]
    A_s/meas ∈ [0.7078, 1.0169]
  ⇒ γ* stays inside ~11% of the r=1 target across the whole
    first-principles interval; A_s (∝ f³) moves by up to ~30%.
  Wider O(1) box [1.5, 2.5]:
    c=1.5: γ*/f_ref=0.8736, A_s/meas=0.6605
    c=2.5: γ*/f_ref=1.1278, A_s/meas=1.4211

(6) External consistency (NOT an input — literature cross-check):
  Relativistic NG VOS: c̃ ≈ 0.23 with characteristic α_NG ~ 0.1
  ⇒ geometric efficiency c̃/α_NG ~ 2.3 ≈ d_⊥.
  Overdamped one-scale forces α → 1, so c_chop → c̃/α ~ d_⊥.
  (Illustrative only; PRTOE prediction does not consume NG numbers.)

(7) Kill-condition tests:
  K1 d_⊥ controls chopping phase space? YES — codim-2 meetings live in the transverse plane
  K2 backsolve c_chop from f_ref (FORBIDDEN path) = 1.9656
     — recorded for the kill log only; NOT used as the prediction.
     primary c_chop = d_⊥ = 2 is within 1.75% of that inversion,
     which is a consistency check, not a derivation input.
  K3 natural interval inside broad O(1) box [1, 3]? True

========================================================================
GRADE
========================================================================
  CANDIDATE
  d_⊥ = 2 is theorem-forced (codim-2 in R³). Overdamped one-scale forces p = α = f_ℓ = 1, so c_chop = C_geom. Non-double-counting closure C_geom = d_⊥ gives Route T (c_chop = 2) and lands γ*, A_s inside 2% of the r=1 / measured targets with no A_s fit. Residual narrowed: only whether C_geom equals d_⊥ or the nearby orientation-sensitive π/2 (γ* then 11% low). Not DERIVED because that last identification is the natural unit choice, not a microscopic reconnection simulation.

  DERIVED (no free coefficient):
    - d_⊥ = d − 1 = 2          codimension of a line defect in R³
    - p = 1                    continuum superfluid reconnection
    - α = 1                    overdamped one-scale (only length ξ)
    - f_ℓ = 1                  one-scale loop fraction
    - c_chop = O(1)            topological, not ε-suppressed
    - c_chop independent of A_s / ε

  CANDIDATE (one natural identification):
    - C_geom = d_⊥  ⇒  c_chop = 2
    - γ* = ε² √2 = 2.225017e-04
      (1.0087 × f_ref,  A_s = 1.0169 × measured)

  SENSITIVITY (not primary):
    - C_geom = π/2  ⇒  c_chop = 1.5708, γ* = 1.971870e-04
      (0.8939 × f_ref)  — double-counts orientation vs VOS v

  FLOOR:
    - C_geom = 1  ⇒  γ* = 1.573325e-04 (0.7133 × f_ref)

  KILL CONDITIONS (unchanged):
    - reconnection microphysics returns c_chop far outside [1.5, 2.5] with
      no replacement O(1) that restores γ* without fitting A_s
    - proof that d_⊥ does not enter the chopping phase space
    - promoting Route T while back-solving c_chop from A_s

  NOT CLAIMED:
    - percent-level theorem for κ = 1 in c_chop = κ d_⊥
    - n_s − 1 from this coefficient
    - zero free parameters of the whole model

SUMMARY
  grade=CANDIDATE
  d_perp=2
  c_chop_primary=2
  c_chop_sensitivity_pi_over_2=1.570796
  gamma_T=2.225017e-04
  ratio_f_T=1.008701
  ratio_As_T=1.016883
  gamma_pi2=1.971870e-04
  ratio_f_pi2=0.893938
  natural_band=[1.5708,2.0000]
  backsolve_c_from_f_ref=1.965644
