==============================================================================
Polarity reversal / dark diamagnetism as the turn — priced
==============================================================================

1. Does a polarity flip couple to expansion?
   max |T(B) − T(−B)| over random fields = 0.0e+00   (identically zero)
   Gravity couples to the field's stress-energy, which is QUADRATIC in
   B — a universal polarity reversal is gravitationally invisible, term
   by term. Earth's and the Sun's reversals redistribute field energy;
   they do not change it, and expansion sees only the energy.

2. Can magnetic / diamagnetic energy supply the turn?
   NEC along principal axes: ρ+p = -0.000, 0.143, 0.143  (≥ 0 always; the
   parallel direction saturates, nothing goes negative). A diamagnetic
   response (χ < 0) stores POSITIVE energy in expelling the field —
   superconductors pay energy for the Meissner state; they do not mint
   negative energy. The turn needs ρ_X + p_X < 0. Wrong side, by class.

3. The budget, with the frozen-ratio anchor
   CMB comoving cap (1 nG)   : ρ_B = 1.9e-22 eV⁴ = 5.8e-08 of today's radiation
   void floor (10⁻¹⁶ G)      : ρ_B = 1.9e-36 eV⁴ = 5.8e-22 of today's radiation
   Flux freezing gives B ∝ a⁻² ⟹ ρ_B ∝ a⁻⁴ — the SAME scaling as
   radiation, so these ratios are FROZEN for all time (M5's anchor):
   cosmic magnetism sits ≥7 orders under the radiation bath at every
   epoch, positive, forever. It can never even dominate, let alone flip.

4. What survives (and it is real)
   * The polarity-reversal instinct is the corpus's recorded CYCLIC
     grammar seen from outside: rotation is dynamical and may reset
     across cycles (outer working O10), and the helicity sign is set
     per cycle at genesis (the sign(μ·n) product, P-2026-028's rotation
     machine). The flip is something the bounce WRITES, not what
     CAUSES it — effect mistaken for cause.
   * The dark-diamagnetism instinct has a genuine in-model cousin: a
     superfluid medium responds to ROTATION the way superconductors
     respond to magnetic fields (rotation expulsion / London-class
     physics — the corpus's Fairbank thread). Real bookkeeping for how
     rotation carries or resets across the interval; NEC-nonnegative,
     so not a turn term.

VERDICT
   turn mechanism : FAIL by class, twice — polarity is gravitationally
                    invisible (quadratic coupling), and field energy is
                    positive radiation-class (frozen ratio, NEC ≥ 0).
   surviving role : the reversal as cyclic OUTCOME (O10 grammar); the
                    medium's rotation-expulsion as interval bookkeeping.
==============================================================================
EXIT:0
