[dyad_mnu_bbnfix] loading model from docs/chains/dyad_mnu_bbnfix.updated.yaml ...
Failed to import `candl_data` (see instructions here for installation: https://github.com/Lbalkenhol/candl_data).
You can still use likelihoods from other data libraries.
[model] *WARNING* Ignored blocks/options: ['version']
[prior] *WARNING* External prior 'bbn' loaded. Mind that it might not be normalized!
[classy] `classy` module loaded successfully from /home/themilkmanj/prtoe_class/python
[planck_2018_highl_plik.ttteee_lite] `clipy` module loaded successfully from /home/themilkmanj/.local/lib/python3.12/site-packages/clipy
----
clipy_0.15
Checking likelihood '/home/themilkmanj/cobaya_packages_clean/data/planck_2018/baseline/plc_3.0/hi_l/plik_lite/plik_lite_v22_TTTEEE.clik' on test data. got -292.286 expected -292.286 (diff -3.86245e-09)
----
before crop : TT 30 -> 2508, TE 30 -> 1996, EE 30 -> 1996
after crop  : TT 30 -> 2508, TE 30 -> 1996, EE 30 -> 1996
[planck_2018_lensing.clik] `clipy` module loaded successfully from /home/themilkmanj/.local/lib/python3.12/site-packages/clipy
----
clipy_0.15
Checking likelihood '/home/themilkmanj/cobaya_packages_clean/data/planck_2018/baseline/plc_3.0/lensing/smicadx12_Dec5_ftl_mv2_ndclpp_p_teb_consext8.clik_lensing' on test data. got -4.42102
----
[bao.sixdf_2011_bao] Initialized.
[bao.sdss_dr12_consensus_final] Initialized.
hessian_paused 2026-08-08T21:18:27-06:00
