==============================================================================
Stiffness spectrum of the three-term ring — sector-balance test
==============================================================================

  balance target: k_E = 2·k_A  (equal thermal power per charge sector)

   α_d/q̃²     k_A (num)   k_A (hand)   k_E (num)   k_E (hand)   k_E/k_A
     0.00      3.00000     3.00000    -0.00000    -0.00000    -0.0000
     0.15      2.10000     2.10000    -0.22500    -0.22500    -0.1071
     0.30      1.20000     1.20000    -0.45000    -0.45000    -0.3750
     0.60     -0.60000    -0.60000    -0.90000    -0.90000     1.5000
     0.90     -2.40000    -2.40000    -1.35000    -1.35000     0.5625

  hand formulas verified: k_A = 3q̃²−6α_d [True],  k_E = −(3/2)α_d [True]

VERDICT
  1. Sector balance needs k_E = 2k_A > 0. Computed: k_E = −(3/2)α_d ≤ 0
     everywhere — the shape sector is FLAT at α_d = 0 and UNSTABLE for
     α_d > 0. The balance is unreachable by structure, not by tuning.
     → the stiffness/virial route to the null FAILS. Ledger row owed.
  2. BYPRODUCT (adverse, caveated): the equilateral ring is marginal /
     unstable against shape distortion at quadratic order. The recorded
     stability window (α_d ≲ 2.2) tested the breathing direction only.
     Caveats: classical point faces, quadratic order, relaxed junction.
  3. The Coulomb-free flat direction (k_E = 0 exactly) is a zero mode
     of the recorded binding — noted as structure, not promoted.
==============================================================================
