==============================================================================
(1) THE TWO NORMALIZATIONS, DERIVED
==============================================================================
  ring profile f_k = M + R cos(theta + 2 pi k/3),  M = 0.37, R = 0.91, theta = 0.4213

  M_c = |f_0|                    = 0.6408587988
  sqrt3 * M                      = 0.6408587988   (miss 3.33e-16)
  R_c = sqrt(|f_1|^2 + |f_2|^2)  = 1.1145178330
  sqrt(3/2) * R                  = 1.1145178330   (miss 4.44e-16)

  Both ledger normalizations confirmed from the transform itself, at arbitrary M, R,
  theta. They are not conventions anyone chose; they are what the transform returns.

  THE CHAIN, checked at this arbitrary point:
    A     = R/M            = 2.4594594595
    rho   = |f_1|/f_0      = 1.2297297297
    A / (2 rho)            = 1.0000000000      (so A = 2 rho identically)
    R_c/M_c                = 1.7391004618
    A / (sqrt2 * R_c/M_c)  = 1.0000000000      (so R_c/M_c = A/sqrt2)
    Q = 1/3 + (2/3) rho^2  = 1.3414901388
    A^2 = 6Q - 2 check     = 1.0000000000      (ratio to A)

  At the null all four collapse to one statement:
    R_c = M_c   <=>   rho = 1/sqrt2   <=>   A = sqrt2   <=>   Q = 2/3.

==============================================================================
(2) DO THE NORMALIZATIONS RECONCILE THE FRAMES? NO -- THEY CANCEL
==============================================================================
  Both frames grade the same three-site ring, and both quote stiffnesses of the SAME
  two irreps. Write the quadratic energy in the raw amplitudes (M, R):

    H = (1/2)[eps_0 M_c^2 + eps_1 R_c^2] = (1/2)[3 eps_0 M^2 + (3/2) eps_1 R^2]

  so k_M = 3 eps_0 and k_R = (3/2) eps_1. The normalizations rescale each stiffness --
  but by a FIXED factor, so in the ratio:

    k_R / k_M = (1/2) (eps_1 / eps_0)

  A frame that measures stiffness in canonical coordinates and one that measures it in
  raw amplitudes differ by exactly 2, in a known direction. That is a factor 2, not the
  factor 4 that separates eps_1/eps_0 = 2 from k_S/k_D = 2. The normalizations therefore
  CANNOT be the reconciliation the ledger proposes; half the gap survives them and the
  direction does not flip. The ledger row is corrected by this.

==============================================================================
(3) WHAT ACTUALLY SEPARATES THEM: THE ENERGY-DELIVERY LAW
==============================================================================
  R_c = M_c constrains AMPLITUDES. Every stiffness statement in the corpus is that
  constraint pushed through a law saying how energy sits in the modes. The singlet is
  1 degree of freedom, the doublet is 2 -- so the laws disagree about the doublet by
  factors of the mode count, and each yields a different target.

  delivery law                       energy per sector      R_c = M_c  =>
  ----------------------------------------------------------------------------
  thermal equipartition              1/2 T per DOF          eps_1 = 2 eps_0      [ok]
  equal sector delivery              E each sector          eps_1 = eps_0        [ok]
  doublet gets half the singlet      E, E/2                 eps_1 = eps_0 / 2    [ok]
  sudden quench, 1/w^2 per mode      ~ 1/eps per DOF        eps_1 = sqrt2 eps_0  [ok]

  Four laws, four different stiffness targets from ONE null, spanning a factor 4.
  The corpus uses at least three of them in different rooms, which is why the same
  number 2 appears pointing in opposite directions. THE BRIDGE IS THE LAW, NOT THE
  NORMALIZATION -- and the corpus has not fixed which law governs the freeze.

  T6's reduction reads sector powers off <|f_q|^2> = T/eps_q, which is the thermal row.
  Its target is therefore eps_D/eps_S = 2 -- the DOUBLET stiffer. The ring-on-ring
  entry's 'doublet receives half the singlet's energy' is the third row, target 1/2 --
  the SINGLET stiffer. Same null, inverse targets, because the laws differ.

==============================================================================
(4) THE KERNEL SWEEP, RE-GRADED AGAINST EACH LAW
==============================================================================
  kernel                           eps_S     eps_D  eps_D/eps_S   H_offdiag
  --------------------------------------------------------------------------
  2D vortex / log:  -log r       1.00000   0.00000     0.000002     0.33333
  Coulomb 3D:        1/r         1.15470   0.14434     0.125001     0.33679
  1/r^2                          2.00000   0.33333     0.166667     0.55556
  1/r^3                          2.30940   0.43301     0.187500     0.62546
  linear (confining): r         -0.00000   0.43301 -195009.999999    -0.14434
  harmonic:          r^2         6.00000   2.99999     0.499999     1.00000

  Five of the six put the doublet BELOW the singlet, the harmonic kernel highest at
  exactly 1/2, tracking the positive off-diagonal Hessian element: on a ring with
  cos 120 = -1/2 the pair separations grow super-additively in the radii, so breathing
  pays in all three pairs at once while shape partly cancels. The sixth row breaks the
  pattern and is the one to trust least, for the reason below.

  NOTE the linear kernel's blow-up: U = sum r_ij = 3 sqrt3 R exactly, linear in R, so its
  breathing curvature is identically ZERO and the ratio is undefined, not large. That is
  the tell that this sweep is unphysical as it stands -- NONE of these kernels holds the
  ring at an equilibrium radius. A bare repulsion expands forever, a bare attraction
  collapses. Stiffnesses read off a non-stationary point are curvatures, not restoring
  frequencies, and the corpus's own frame supplies what is missing: kappa-confinement.

==============================================================================
(5) THE SAME SWEEP AT A REAL EQUILIBRIUM (the trap restored)
==============================================================================
  Add the confining trap the ring-on-ring frame actually has, (kappa/2) sum x_k^2, and
  fix kappa by demanding the symmetric ring be stationary. With s = sqrt3 R the pair
  separation, the radial balance 3 sqrt3 u'(s) + 3 kappa R = 0 gives kappa = -3u'/s, and
  the two sector stiffnesses come out in closed form:

      eps_S = 3 [ u'' - u'/s ]            eps_D = (3/4) [ u'' - 3u'/s ]

  so with the single dimensionless combination  t = u' / (s u'')  the whole geometry
  collapses to one curve:

      eps_D / eps_S = (1/4) (1 - 3t) / (1 - t)

  kernel                           eps_S     eps_D  eps_D/eps_S   stable?     check
  --------------------------------------------------------------------------------
  -log r                         2.00000   1.00000     0.500000       yes        ok
  1/r    (Coulomb)               1.73205   0.72169     0.416667       yes        ok
  1/r^2                          2.66667   1.00000     0.375000       yes        ok
  1/r^3                          2.88675   1.01036     0.350000       yes        ok
  r      (linear)               -1.73205  -1.29904     0.750000        NO        ok
  -r     (linear attractive)     1.73205   1.29904     0.750000       yes        ok

  The closed form agrees with the brute-force Hessian in every row. For a power law
  u = r^p one has t = 1/(p-1), so the curve becomes an exact rational function of p:

      eps_D / eps_S = (p - 4) / (4 (p - 2))

         p    closed form     (p-4)/(4(p-2))
  --------------------------------------------
      -3.0       0.350000           0.350000
      -2.0       0.375000           0.375000
      -1.0       0.416667           0.416667
       1.0       0.750000           0.750000
       3.0      -0.250000          -0.250000
       5.0       0.083333           0.083333

==============================================================================
(6) CAN A RING REACH THE THERMAL NULL AT ALL?
==============================================================================
  Solve (1/4)(1 - 3t)/(1 - t) = 2 for the target eps_D/eps_S = 2:
      1 - 3t = 8(1 - t)  ->  5t = 7  ->  t* = 1.400000 = 7/5
      check: (1/4)(1 - 3t*)/(1 - t*) = 2.0000000000

  So the null is reachable in principle -- but only on ONE branch, and the branch is the
  whole result. Stability needs eps_S > 0 AND eps_D > 0, i.e. u''(1 - t) > 0 and
  u''(1 - 3t) > 0. Two disjoint windows:

  branch                     t window           eps_D/eps_S range      null t* = 7/5?
  --------------------------------------------------------------------------------
  "convex  u_rr > 0"         t < 1/3            [0.000, 0.750)         NO -- t* is outside
  "concave u_rr < 0"         t > 1              (0.750, inf)           YES

  Every ordinary kernel lives on the convex branch: a power law has t = 1/(p-1), and the
  log has t = -1, all of them t < 1/3, all of them capped at eps_D/eps_S < 3/4. That is
  the ceiling the earlier sweep was bumping into, and 2 is above it by a factor 2.7.

  The null's branch requires u' < 0 AND u'' < 0 -- a repulsion that STRENGTHENS with
  separation. No power law does this (u' < 0 forces p < 0, which forces u'' > 0), and
  neither does the log. It is not a kernel anyone would write down from a medium; it is
  the signature of a confining string, and even then t must sit at 7/5 exactly, which is
  one tuned number and not a derivation.

==============================================================================
VERDICT
==============================================================================
  1. The ledger's bridge is PAID and CORRECTED. The normalizations M_c = sqrt3 M and
     R_c = sqrt(3/2) R are right, but they cancel from stiffness ratios and cannot be
     the reconciliation -- they contribute a factor 2 in a fixed direction, not the
     factor 4 with a flip. What separates the frames is the ENERGY-DELIVERY LAW.

  2. The kernel sweep's exact 2 answers the 'doublet gets half the singlet' law and is
     correct there. T6's a = 3b is written in the THERMAL law and needs the inverse.
     Both readings stand; neither refutes the other; the corpus has not fixed the law.

  3. T6's 'a = 3b does not live in ring geometry' is upgraded from a bracket to a
     mechanism: on the stable convex branch the geometric ring's ceiling is
     eps_D/eps_S < 3/4, and the thermal null needs 2. The route is closed by a branch,
     and the only opening left is a kernel no medium supplies.

  4. NEW AND OWED, replacing the old blank: fix the delivery law at freeze. Until it is
     fixed, no stiffness computation can be graded, and the same number will keep
     arriving with opposite signs.
