==============================================================================
Israel / junction inventory reconfirm — stocked numbers + fences
==============================================================================
  exit 0 = compute done; NOT physics PASS / NOT bounce closed / NOT N4 land

[1] Stocked door / acoustic anchors
  c_s = √(3α)              = 0.147960
  ξ                        = 3.047693e+20 eV^{-1}
  H_door                   = 1.894392e-21 eV
  H_shear = 1/(√3 ξ)       = 1.894385e-21 eV
  R_H/ξ                    = 1.7320
  ρ_eff^{1/4}              = 2.8268e+03 eV
  ρ_bounce^{1/4}           = 1.0592e+03 eV
  |H_kin(Θ=1,d=3)|/H_door  = 0.085424
  c_s/√3                   = 0.085425
  Θ_lock (d=3, analytic)   = 11.706237653491  [=1/√α]
  Θ_lock via H_door (diag) = 11.706279802864  (not board value)
  |H_kin(Θ_late=0.062,d=3)|/H_door = 5.296303e-03

[2] Domain fence — Phase II exterior H
  PHASE_II_EXTERIOR_H_DEFINED      = False
  PHASE_II_APPLY_H_EQ_THETA_OVER_D = False
  ASSERT: Phase II has no exterior H

[3] Obstruction A — continuous metric-ON H through 0 DEAD
  H_kin(Θ=0)   = 0.0
  H_F(ρ_eff)   = 1.894392e-21 eV ≠ 0
  obstruction_A = True
  ASSERT: continuous metric-ON exterior H through 0 at finite ρ is DEAD

[4] Obstruction C residual — magnitude lock not closed
  |H_kin(Θ=1)|/H_door ≈ 1?  False  (value 0.0854)
  |H_kin(late)|/H_door ≈ 1? False  (value 5.2963e-03)
  ASSERT: magnitude lock C stands open

[5] FA1 medium table reconfirm
  v_g/c_s (x=2) = 2.1213
  x* (ω/H=1)    = 2.46
  ASSERT: metric-end quantitative; medium sector only

[6] Fabrication fence — N_med not Derived
  N_med_needed (exit→1 MeV, η=1, FABRICATED path) = 6.184
  N_med / (1/c_s) at operating point               = 0.915
  N_MED_IS_DERIVED = False
  ETA_IS_DERIVED   = False
  OBSERVE (not assert identity): 0.8 < N_med/(1/c_s)=0.9150 < 1.0 → True
  NOTE: N_med remains fabricated knob; 1/c_s coincidence not identity

[7] Israel / N4 honesty flags (VACUOUS documentation stamps — see CORPUS_INVENTORY for earned 0)
  ISRAEL_S_AB_STOCKED           = False  [VACUOUS stamp]
  ISRAEL_K_AB_STOCKED           = False  [VACUOUS stamp]
  N4_FORCE_BRANCH_DERIVED       = False  [VACUOUS stamp]
  can_derive_H_re_w/o_decl.     = False  [VACUOUS stamp]
  bounce_closed                 = False  [VACUOUS stamp]
  lands                         = 0  [VACUOUS stamp]
  NOTE: exit0 on this block proves nothing about Israel physics; inventory is the product

[8] Inventory class counts (documentation stamp — not new physics)
  paid_exterior_door               = 7
  acoustic_map_and_nogo            = 5
  fa1_paid                         = 5
  medium_fluid                     = 5
  boundary_constraints             = 7
  phase_III_declaration_forms      = 3
  fabricated_m2_labeled            = 5
  israel_S_ab_equations            = 0
  NOTE: israel_S_ab_equations=0 is documentation stamp, not a physics test

SUMMARY_JSON_BEGIN
{
  "package": "israel_junction_content_20260804",
  "exit_means": "compute_done_not_physics_PASS",
  "c_s": 0.14795964842319909,
  "H_door_eV": 1.8943916024168856e-21,
  "H_kin_over_H_door_Theta1_d3": 0.08542423526860674,
  "H_kin_over_H_door_late_d3": 0.005296302586653618,
  "Theta_lock_d3": 11.706237653490552,
  "xstar": 2.460966689788809,
  "v_g_over_cs_x2": 2.1213203435596424,
  "N_med_needed_fabricated_path": 6.18440563643696,
  "N_med_over_1_over_cs_OP": 0.9150424836736634,
  "phase_II_exterior_H_defined": false,
  "obstruction_A_stands": true,
  "obstruction_C_stands": true,
  "N_med_is_Derived": false,
  "israel_S_ab_stocked": false,
  "israel_K_ab_stocked": false,
  "N4_force_branch_derived": false,
  "can_derive_H_re_without_declaration": false,
  "bounce_closed": false,
  "grade": "MISSING_INPUT_N4_inventory_PAID_0_lands",
  "lands": 0,
  "inventory_counts": {
    "paid_exterior_door": 7,
    "acoustic_map_and_nogo": 5,
    "fa1_paid": 5,
    "medium_fluid": 5,
    "boundary_constraints": 7,
    "phase_III_declaration_forms": 3,
    "fabricated_m2_labeled": 5,
    "israel_S_ab_equations": 0
  }
}
SUMMARY_JSON_END

ASSERTS OK — stocked numbers reconfirmed; fences held; Israel empty; 0 land.
==============================================================================
